Archive member included to satisfy reference by file (symbol)

C:/NXP/S32DS.3.4/S32DS/build_tools/gcc_v9.2/gcc-9.2-arm32-eabi/arm-none-eabi/newlib/lib/thumb/v7e-m+fp/hard\libc_nano.a(lib_a-memcpy-stub.o)
                              ./Modules/COM_Management/COMrx.o (memcpy)

Memory Configuration

Name             Origin             Length             Attributes
m_bootVers       0x00000410         0x00000004
int_flash_interrupts 0x00080000         0x00000400
int_flash_config 0x00080400         0x00000010
m_appVers        0x00080410         0x00000004
m_appStartAdrr   0x00080414         0x00000004
m_appSize        0x00080418         0x00000004
int_flash        0x00080420         0x0007fbdc
int_sram_results 0x1ffe0000         0x00000100
int_sram         0x1ffe0100         0x0003df00
int_sram_stack_c0 0x2001e000         0x00001000
ram_rsvd2        0x2001f000         0x00000000
*default*        0x00000000         0xffffffff

Linker script and memory map

LOAD ./INI/INI.o
LOAD ./Middlewares/CAN/CBUctrl.o
LOAD ./Middlewares/CAN/CBUinter.o
LOAD ./Middlewares/CAN/CBUmaint.o
LOAD ./Middlewares/CAN/CBUs.o
LOAD ./Middlewares/FLA/FLA.o
LOAD ./Middlewares/SPC/SPC.o
LOAD ./Middlewares/WDO_Management/WDO.o
LOAD ./Modules/ACTivity_Management/ACT.o
LOAD ./Modules/ACTivity_Management/ACTupdat.o
LOAD ./Modules/CNV/CNV.o
LOAD ./Modules/COM_Management/COM.o
LOAD ./Modules/COM_Management/COMrx.o
LOAD ./Modules/COM_Management/COMtx.o
LOAD ./Modules/CTB/CTB.o
LOAD ./Modules/CTB/CTBCbit.o
LOAD ./Modules/CTB/CTBPbit.o
LOAD ./Modules/CTB/CTBio.o
LOAD ./Modules/DBG/DBG.o
LOAD ./Modules/FSM/FSM.o
LOAD ./Modules/FSM/FSMupdat.o
LOAD ./Modules/MPM/MPM.o
LOAD ./Modules/PARameters_Management/PAR.o
LOAD ./Modules/PARameters_Management/PARcheck.o
LOAD ./Modules/PARameters_Management/PARconfig.o
LOAD ./Modules/PARameters_Management/PARupdat.o
LOAD ./Modules/PWB/PWB.o
LOAD ./Modules/PWB/PWBCbit.o
LOAD ./Modules/PWB/PWBPbit.o
LOAD ./Modules/PWB/PWBio.o
LOAD ./Project_Settings/Startup_Code/Vector_Table.o
LOAD ./Project_Settings/Startup_Code/exceptions.o
LOAD ./Project_Settings/Startup_Code/nvic.o
LOAD ./Project_Settings/Startup_Code/startup.o
LOAD ./Project_Settings/Startup_Code/startup_cm4.o
LOAD ./Project_Settings/Startup_Code/system.o
LOAD ./RTD/src/CDD_Crc.o
LOAD ./RTD/src/CDD_Mcl.o
LOAD ./RTD/src/CDD_Mcl_Ipw.o
LOAD ./RTD/src/CDD_Rm.o
LOAD ./RTD/src/CDD_Rm_Ipw.o
LOAD ./RTD/src/Can.o
LOAD ./RTD/src/Can_Ipw.o
LOAD ./RTD/src/Can_Irq.o
LOAD ./RTD/src/Clock_Ip.o
LOAD ./RTD/src/Clock_Ip_Data.o
LOAD ./RTD/src/Clock_Ip_Divider.o
LOAD ./RTD/src/Clock_Ip_DividerTrigger.o
LOAD ./RTD/src/Clock_Ip_ExtOsc.o
LOAD ./RTD/src/Clock_Ip_FracDiv.o
LOAD ./RTD/src/Clock_Ip_Frequency.o
LOAD ./RTD/src/Clock_Ip_Gate.o
LOAD ./RTD/src/Clock_Ip_IntOsc.o
LOAD ./RTD/src/Clock_Ip_Irq.o
LOAD ./RTD/src/Clock_Ip_Monitor.o
LOAD ./RTD/src/Clock_Ip_Pll.o
LOAD ./RTD/src/Clock_Ip_ProgFreqSwitch.o
LOAD ./RTD/src/Clock_Ip_Selector.o
LOAD ./RTD/src/Clock_Ip_Specific.o
LOAD ./RTD/src/Cmp_Ip.o
LOAD ./RTD/src/Crc_Ip.o
LOAD ./RTD/src/Crc_Ip_Hardware.o
LOAD ./RTD/src/Crc_Ip_Lookup_Tables.o
LOAD ./RTD/src/Crc_Ip_Software.o
LOAD ./RTD/src/CryIf.o
LOAD ./RTD/src/Crypto.o
LOAD ./RTD/src/Crypto_ASRExtension.o
LOAD ./RTD/src/Crypto_Ipw.o
LOAD ./RTD/src/Crypto_KeyManagement.o
LOAD ./RTD/src/Crypto_Util.o
LOAD ./RTD/src/Csec_Ip.o
LOAD ./RTD/src/Csec_Ip_Irq.o
LOAD ./RTD/src/Det.o
LOAD ./RTD/src/Det_stub.o
LOAD ./RTD/src/Dio.o
LOAD ./RTD/src/Dio_Ipw.o
LOAD ./RTD/src/Dma_Ip.o
LOAD ./RTD/src/Dma_Ip_Driver_State.o
LOAD ./RTD/src/Dma_Ip_Hw_Access.o
LOAD ./RTD/src/Dma_Ip_Irq.o
LOAD ./RTD/src/Dma_Ip_Multicore.o
LOAD ./RTD/src/EcuM.o
LOAD ./RTD/src/FlexCAN_Ip.o
LOAD ./RTD/src/FlexCAN_Ip_HwAccess.o
LOAD ./RTD/src/FlexCAN_Ip_Irq.o
LOAD ./RTD/src/Flexio_Mcl_Ip.o
LOAD ./RTD/src/Flexio_Mcl_Ip_HwAccess.o
LOAD ./RTD/src/Flexio_Mcl_Ip_Irq.o
LOAD ./RTD/src/Flexio_Pwm_Ip.o
LOAD ./RTD/src/Flexio_Pwm_Ip_Irq.o
LOAD ./RTD/src/Flexio_Spi_Ip.o
LOAD ./RTD/src/Flexio_Spi_Ip_Irq.o
LOAD ./RTD/src/Fls.o
LOAD ./RTD/src/Fls_IPW.o
LOAD ./RTD/src/Ftfc_Fls_Ip.o
LOAD ./RTD/src/Ftfc_Fls_Ip_Ac.o
LOAD ./RTD/src/Ftm_Gpt_Ip.o
LOAD ./RTD/src/Ftm_Icu_Ip.o
LOAD ./RTD/src/Ftm_Icu_Ip_Irq.o
LOAD ./RTD/src/Ftm_Mcl_Ip.o
LOAD ./RTD/src/Ftm_Pwm_Ip.o
LOAD ./RTD/src/Ftm_Pwm_Ip_Irq.o
LOAD ./RTD/src/Gpio_Dio_Ip.o
LOAD ./RTD/src/Gpt.o
LOAD ./RTD/src/Gpt_Ipw.o
LOAD ./RTD/src/Icu.o
LOAD ./RTD/src/Icu_Ipw.o
LOAD ./RTD/src/IntCtrl_Ip.o
LOAD ./RTD/src/LPit_Gpt_Ip.o
LOAD ./RTD/src/Lpit_Icu_Ip.o
LOAD ./RTD/src/Lpit_Icu_Ip_Irq.o
LOAD ./RTD/src/Lpspi_Ip.o
LOAD ./RTD/src/Lpspi_Ip_Irq.o
LOAD ./RTD/src/Lptmr_Gpt_Ip.o
LOAD ./RTD/src/Lptmr_Icu_Ip.o
LOAD ./RTD/src/Lptmr_Icu_Ip_Irq.o
LOAD ./RTD/src/Mcu.o
LOAD ./RTD/src/Mcu_Dem_Wrapper.o
LOAD ./RTD/src/Mcu_Ipw.o
LOAD ./RTD/src/Mcu_Ipw_Irq.o
LOAD ./RTD/src/Mpu_Ip.o
LOAD ./RTD/src/OsIf_Interrupts.o
LOAD ./RTD/src/OsIf_Timer.o
LOAD ./RTD/src/OsIf_Timer_System.o
LOAD ./RTD/src/OsIf_Timer_System_Internal_Systick.o
LOAD ./RTD/src/Os_counter_api.o
LOAD ./RTD/src/Os_multicore.o
LOAD ./RTD/src/Platform.o
LOAD ./RTD/src/Platform_Ipw.o
LOAD ./RTD/src/Port.o
LOAD ./RTD/src/Port_Ci_Icu_Ip.o
LOAD ./RTD/src/Port_Ci_Icu_Ip_Irq.o
LOAD ./RTD/src/Port_Ci_Port_Ip.o
LOAD ./RTD/src/Port_Ipw.o
LOAD ./RTD/src/Power_Ip.o
LOAD ./RTD/src/Power_Ip_CortexM4.o
LOAD ./RTD/src/Power_Ip_PMC.o
LOAD ./RTD/src/Power_Ip_PMC_Irq.o
LOAD ./RTD/src/Power_Ip_Private.o
LOAD ./RTD/src/Power_Ip_RCM.o
LOAD ./RTD/src/Power_Ip_RCM_Irq.o
LOAD ./RTD/src/Power_Ip_SIM.o
LOAD ./RTD/src/Power_Ip_SMC.o
LOAD ./RTD/src/Pwm.o
LOAD ./RTD/src/Pwm_Ipw.o
LOAD ./RTD/src/Pwm_Ipw_Notif.o
LOAD ./RTD/src/Qspi_Ip.o
LOAD ./RTD/src/Qspi_Ip_Controller.o
LOAD ./RTD/src/Qspi_Ip_Sfdp.o
LOAD ./RTD/src/Ram_Ip.o
LOAD ./RTD/src/SRtc_Ip.o
LOAD ./RTD/src/SchM_Can.o
LOAD ./RTD/src/SchM_Crc.o
LOAD ./RTD/src/SchM_Crypto.o
LOAD ./RTD/src/SchM_Dio.o
LOAD ./RTD/src/SchM_Fls.o
LOAD ./RTD/src/SchM_Gpt.o
LOAD ./RTD/src/SchM_Icu.o
LOAD ./RTD/src/SchM_Mcl.o
LOAD ./RTD/src/SchM_Mcu.o
LOAD ./RTD/src/SchM_Port.o
LOAD ./RTD/src/SchM_Pwm.o
LOAD ./RTD/src/SchM_Rm.o
LOAD ./RTD/src/SchM_Spi.o
LOAD ./RTD/src/SchM_Wdg.o
LOAD ./RTD/src/Spi.o
LOAD ./RTD/src/Spi_Ipw.o
LOAD ./RTD/src/System_Ip.o
LOAD ./RTD/src/Trgmux_Ip.o
LOAD ./RTD/src/Trgmux_Ip_HwAcc.o
LOAD ./RTD/src/WdgIf.o
LOAD ./RTD/src/Wdg_43_Instance0.o
LOAD ./RTD/src/Wdg_Channel.o
LOAD ./RTD/src/Wdg_Ipw.o
LOAD ./RTD/src/Wdg_Ipw_Irq.o
LOAD ./RTD/src/Wdog_Ip.o
LOAD ./SCHeduler/SCH.o
LOAD ./board/Port_Ci_Port_Ip_Cfg.o
LOAD ./generate/IntCtrl_Ip/IntCtrl_Ip_Cfg.o
LOAD ./generate/src/CDD_Mcl_Cfg.o
LOAD ./generate/src/CDD_Mcl_Init_PBcfg.o
LOAD ./generate/src/CDD_Rm_Cfg.o
LOAD ./generate/src/CDD_Rm_Init_PBcfg.o
LOAD ./generate/src/CDD_Rm_Ipw_Init_PBcfg.o
LOAD ./generate/src/Can_Init_PBcfg.o
LOAD ./generate/src/Can_Ipw_Init_PBcfg.o
LOAD ./generate/src/Clock_Ip_Cfg.o
LOAD ./generate/src/Clock_Ip_Init_PBcfg.o
LOAD ./generate/src/Cmp_Ip_Init_PBcfg.o
LOAD ./generate/src/Crc_Cfg.o
LOAD ./generate/src/Crc_Ip_Cfg.o
LOAD ./generate/src/Crypto_Cfg.o
LOAD ./generate/src/Dio_Cfg.o
LOAD ./generate/src/Dma_Ip_Cfg.o
LOAD ./generate/src/Dma_Ip_Init_PBcfg.o
LOAD ./generate/src/FlexCAN_Ip_Init_PBcfg.o
LOAD ./generate/src/Flexio_Mcl_Ip_Init_PBcfg.o
LOAD ./generate/src/Flexio_Pwm_Ip_Init_PBcfg.o
LOAD ./generate/src/Flexio_Spi_Ip_Init_PBcfg.o
LOAD ./generate/src/Fls_Cfg.o
LOAD ./generate/src/Fls_Init_PBcfg.o
LOAD ./generate/src/Ftfc_Fls_Ip_Init_PBcfg.o
LOAD ./generate/src/Ftm_Gpt_Ip_Init_PBcfg.o
LOAD ./generate/src/Ftm_Icu_Ip_Init_PBcfg.o
LOAD ./generate/src/Ftm_Pwm_Ip_Init_PBcfg.o
LOAD ./generate/src/Gpt_Cfg.o
LOAD ./generate/src/Gpt_Init_PBcfg.o
LOAD ./generate/src/Gpt_Ipw_Init_PBcfg.o
LOAD ./generate/src/Icu_Cfg.o
LOAD ./generate/src/Icu_DmaNotification.o
LOAD ./generate/src/Icu_Init_PBcfg.o
LOAD ./generate/src/Icu_Ipw_Init_PBcfg.o
LOAD ./generate/src/LPit_Gpt_Ip_Init_PBcfg.o
LOAD ./generate/src/Lpit_Icu_Ip_Init_PBcfg.o
LOAD ./generate/src/Lpspi_Ip_Init_PBcfg.o
LOAD ./generate/src/Lptmr_Gpt_Ip_Init_PBcfg.o
LOAD ./generate/src/Lptmr_Icu_Ip_Init_PBcfg.o
LOAD ./generate/src/Mcu_Cfg.o
LOAD ./generate/src/Mcu_Init_PBcfg.o
LOAD ./generate/src/Mpu_Ip_Init_PBcfg.o
LOAD ./generate/src/OsIf_Cfg.o
LOAD ./generate/src/Platform_Cfg.o
LOAD ./generate/src/Platform_Ipw_Cfg.o
LOAD ./generate/src/Port_Cfg.o
LOAD ./generate/src/Port_Ci_Icu_Ip_Init_PBcfg.o
LOAD ./generate/src/Port_Ci_Port_Ip_Init_PBcfg.o
LOAD ./generate/src/Port_Init_PBcfg.o
LOAD ./generate/src/Power_Ip_Cfg.o
LOAD ./generate/src/Power_Ip_Init_PBcfg.o
LOAD ./generate/src/Pwm_Init_PBcfg.o
LOAD ./generate/src/Qspi_Ip_Init_PBcfg.o
LOAD ./generate/src/Ram_Ip_Cfg.o
LOAD ./generate/src/Ram_Ip_Init_PBcfg.o
LOAD ./generate/src/SRtc_Ip_Init_PBcfg.o
LOAD ./generate/src/Spi_Init_PBcfg.o
LOAD ./generate/src/Spi_Ipw_Init_PBcfg.o
LOAD ./generate/src/Trgmux_Ip_Cfg.o
LOAD ./generate/src/Trgmux_Ip_Init_PBcfg.o
LOAD ./generate/src/Wdg_43_Instance0_Cfg.o
LOAD ./generate/src/Wdg_43_Instance0_Init_PBcfg.o
LOAD ./generate/src/Wdg_43_Instance0_Ipw_Init_PBcfg.o
LOAD ./generate/src/Wdg_CfgExt.o
LOAD ./generate/src/Wdog_Ip_Init_PBcfg.o
LOAD ./src/main.o
LOAD C:/NXP/S32DS.3.4/S32DS/build_tools/gcc_v9.2/gcc-9.2-arm32-eabi/arm-none-eabi/newlib/lib/thumb/v7e-m+fp/hard\libc_nano.a
LOAD C:/NXP/S32DS.3.4/S32DS/build_tools/gcc_v9.2/gcc-9.2-arm32-eabi/arm-none-eabi/newlib/lib/thumb/v7e-m+fp/hard\libm.a
LOAD c:/nxp/s32ds.3.4/s32ds/build_tools/gcc_v9.2/gcc-9.2-arm32-eabi/bin/../lib/gcc/arm-none-eabi/9.2.0/thumb/v7e-m+fp/hard\libgcc.a
START GROUP
LOAD c:/nxp/s32ds.3.4/s32ds/build_tools/gcc_v9.2/gcc-9.2-arm32-eabi/bin/../lib/gcc/arm-none-eabi/9.2.0/thumb/v7e-m+fp/hard\libgcc.a
LOAD C:/NXP/S32DS.3.4/S32DS/build_tools/gcc_v9.2/gcc-9.2-arm32-eabi/arm-none-eabi/newlib/lib/thumb/v7e-m+fp/hard\libg_nano.a
LOAD C:/NXP/S32DS.3.4/S32DS/build_tools/gcc_v9.2/gcc-9.2-arm32-eabi/arm-none-eabi/newlib/lib/thumb/v7e-m+fp/hard\libc_nano.a
END GROUP
START GROUP
LOAD c:/nxp/s32ds.3.4/s32ds/build_tools/gcc_v9.2/gcc-9.2-arm32-eabi/bin/../lib/gcc/arm-none-eabi/9.2.0/thumb/v7e-m+fp/hard\libgcc.a
LOAD C:/NXP/S32DS.3.4/S32DS/build_tools/gcc_v9.2/gcc-9.2-arm32-eabi/arm-none-eabi/newlib/lib/thumb/v7e-m+fp/hard\libc_nano.a
LOAD C:/NXP/S32DS.3.4/S32DS/build_tools/gcc_v9.2/gcc-9.2-arm32-eabi/arm-none-eabi/newlib/lib/thumb/v7e-m+fp/hard\libnosys.a
END GROUP
START GROUP
LOAD c:/nxp/s32ds.3.4/s32ds/build_tools/gcc_v9.2/gcc-9.2-arm32-eabi/bin/../lib/gcc/arm-none-eabi/9.2.0/thumb/v7e-m+fp/hard\libgcc.a
LOAD C:/NXP/S32DS.3.4/S32DS/build_tools/gcc_v9.2/gcc-9.2-arm32-eabi/arm-none-eabi/newlib/lib/thumb/v7e-m+fp/hard\libc_nano.a
LOAD C:/NXP/S32DS.3.4/S32DS/build_tools/gcc_v9.2/gcc-9.2-arm32-eabi/arm-none-eabi/newlib/lib/thumb/v7e-m+fp/hard\libnosys.a
END GROUP
                0x00000200                HEAP_SIZE = DEFINED (__heap_size__)?__heap_size__:0x200

.flash_interrupts
                0x00080000      0x310
                0x00080000                . = ALIGN (0x1000)
                0x00080000                __interrupts_rom_start = .
 *(.intc_vector)
 .intc_vector   0x00080000      0x310 ./Project_Settings/Startup_Code/Vector_Table.o
                0x00080000                VTABLE
                0x00080310                . = ALIGN (0x4)
                0x00080310                __interrupts_rom_end = .

.flash_config   0x00080400       0x10
 *(.flash_config)
 .flash_config  0x00080400       0x10 ./Project_Settings/Startup_Code/startup_cm4.o

.flash          0x00080420    0x23ee8
                0x00080420                . = ALIGN (0x4)
 *(.startup)
 .startup       0x00080420       0xb8 ./Project_Settings/Startup_Code/startup_cm4.o
                0x00080420                Reset_Handler
                0x00080420                _start
                0x000804a4                MCAL_LTB_TRACE_OFF
                0x000804a6                _end_of_eunit_test
                0x000804d8                . = ALIGN (0x4)
 *(.systeminit)
 .systeminit    0x000804d8        0x2 ./Project_Settings/Startup_Code/exceptions.o
                0x000804d8                NMI_Handler
 *fill*         0x000804da        0x2 
 .systeminit    0x000804dc       0x88 ./Project_Settings/Startup_Code/system.o
                0x000804dc                SystemInit
                0x00080564                . = ALIGN (0x4)
 *(.text.startup)
 .text.startup  0x00080564       0x1c ./src/main.o
                0x00080564                main
                0x00080580                . = ALIGN (0x4)
 *(.text)
 .text          0x00080580      0x184 ./INI/INI.o
                0x00080580                INI_InitDrivers
                0x00080660                INI_InitMiddlewares
                0x00080664                INI_InitLibrairies
                0x00080666                INI_InitModules
                0x000806dc                INI_DeinitDrivers
                0x000806de                INI_DeinitMiddlewares
                0x000806e2                INI_DeinitLibrairies
                0x000806e4                INI_DeinitModules
 .text          0x00080704      0x288 ./Middlewares/CAN/CBUctrl.o
                0x00080704                CBU_SendControlCurrentMeasuresFrame
                0x0008074c                CBU_SendControlPowerMeasuresFrame
                0x00080790                CBU_SendControlTemperatureMeasuresFrame
                0x000807e8                CBU_SendControlVoltageMeasuresFrame
                0x00080830                CBU_SendControlControlStatusFrame
                0x000808c0                CBU_SendControlErrorsWarningsFrame
                0x00080920                CBU_SendControlPbitResultsFrame
                0x00080980                CBU_GetControlPtcuCmdsFrameData
                0x0008098a                CBU_GetErrorResetCmdFrameData
 .text          0x0008098c      0x1e0 ./Middlewares/CAN/CBUinter.o
                0x0008098c                CBU_SendInternalControlRequestFrameCOMETiUnits
                0x00080a50                CBU_SendInternalModeRequestFrameCOMETiUnits
                0x00080aa4                CBU_SendInternalErrorResetRequestFrameCOMETiUnits
                0x00080ae0                CBU_GetInternalCurrentMeasuresFrameData
                0x00080af8                CBU_GetInternalPowerMeasuresFrameData
                0x00080b02                CBU_GetInternalTemperatureMeasuresFrameData
                0x00080b30                CBU_GetInternalVoltageMeasuresFrameData
                0x00080b34                CBU_GetInternalRegulationInfoFrameData
                0x00080b46                CBU_GetInternalControlInfoFrameData
                0x00080b5c                CBU_GetInternalErrorsFrameData
                0x00080b66                CBU_GetInternalWarningsFrameData
 .text          0x00080b6c      0x118 ./Middlewares/CAN/CBUmaint.o
                0x00080b6c                CBU_SendMaintenanceEquipmentTestResponse
                0x00080bd8                CBU_SendMaintenanceParameterResponse
                0x00080c10                CBU_GetMaintenanceEquipmentTestRequest
                0x00080c68                CBU_GetMaintenanceParameterRequest
 .text          0x00080c84      0x2ac ./Middlewares/CAN/CBUs.o
                0x00080c84                CanIf_ControllerBusOff
                0x00080cb4                CanIf_ControllerModeIndication
                0x00080cb6                CanIf_TxConfirmation
                0x00080cb8                CanIf_RxIndication
                0x00080d18                CBU_CreatePduInfo
                0x00080d26                CBU_Init
                0x00080dec                CBU_Deinit
                0x00080e1c                CBU_CheckErrors
                0x00080e7c                CBU_ClearPendingFlag
                0x00080e90                CBU_SendFrame
                0x00080ea4                CanIf_CurrentIcomConfiguration
                0x00080ea6                CBU_SetBitrate
                0x00080f28                CBU_CheckLength
 .text          0x00080f30      0x134 ./Middlewares/FLA/FLA.o
                0x00080f4a                FLA_Init
                0x00080f9c                FLA_Deinit
                0x00080fa8                Fla_GetPartitionSize
                0x00080fc8                FLA_Erase
                0x00080ff4                FLA_Write
                0x0008102c                FLA_Read
 .text          0x00081064       0xe8 ./Middlewares/SPC/SPC.o
                0x00081064                SPC_Init
                0x0008108c                SPC_GetLvVoltageMeasures
                0x000810a8                SPC_GetHvTemperaturesMeasures
                0x000810c4                SPC_GetHvVoltageMeasures
                0x000810e0                SPC_GetHvCurrentMeasures
                0x000810fc                SPC_Deinit
                0x000810fe                spc_RxGetLowVoltageMeasures
                0x00081110                spc_RxGetHvVoltageMeasures
                0x00081124                spc_RxGetHvCurrentMeasures
                0x00081138                spc_RxGetHvTemperaturesMeasures
 .text          0x0008114c       0xa4 ./Middlewares/WDO_Management/WDO.o
                0x0008114c                WDO_Init
                0x00081180                WDO_Deinit
                0x000811ac                WDO_Management
                0x000811bc                WDO_Refresh
 .text          0x000811f0       0x50 ./Modules/ACTivity_Management/ACT.o
                0x000811f0                ACT_Init
                0x00081218                ACT_Deinit
 .text          0x00081240      0x39c ./Modules/ACTivity_Management/ACTupdat.o
                0x000812b4                ACT_UpdateFaults
 .text          0x000815dc      0x540 ./Modules/CNV/CNV.o
                0x000815dc                CNV_Init
                0x00081650                CNV_Deinit
                0x00081654                CNV_ManageInternalErrorResetRequestFrame
                0x000816c0                CNV_GetInternalCurrentMeasuresFrame
                0x000816e8                CNV_GetInternalPowerMeasuresFrame
                0x00081710                CNV_GetInternalTemperatureMeasuresFrame
                0x00081770                CNV_GetInternalVoltageMeasuresFrame
                0x00081798                CNV_GetInternalRegulationInfoFrame
                0x000817d4                CNV_GetInternalControlInfoFrame
                0x00081810                CNV_GetInternalErrorsFrame
                0x00081974                CNV_GetInternalWarningsFrame
                0x000819fc                CNV_getPowercoreUnitsIndex
                0x00081a0c                CNV_updatePowercoreUnitsComlossCounter
                0x00081a30                CNV_Update
 .text          0x00081b1c      0x1b0 ./Modules/COM_Management/COM.o
                0x00081b1c                COM_UpdatePeriodParams
                0x00081b68                COM_Init
                0x00081cb8                COM_Deinit
                0x00081cc8                can_Error
 .text          0x00081ccc      0x404 ./Modules/COM_Management/COMrx.o
                0x00081d00                COM_RxTask
 .text          0x000820d0      0x494 ./Modules/COM_Management/COMtx.o
                0x00082160                COM_TxScheduledTasks
                0x0008245c                COM_TxRequestedTasks
 .text          0x00082564      0x2c8 ./Modules/CTB/CTB.o
                0x00082564                CTB_Init
                0x00082590                CTB_Read_EMERSTOP
                0x000825a0                CTB_Read_Maint
                0x000825b0                CTB_Read_BbAuxAdd
                0x000825d0                CTB_Update
                0x00082818                CTB_Deinit
 .text          0x0008282c      0x100 ./Modules/CTB/CTBCbit.o
                0x0008282c                CTBCbit_Init
                0x00082872                CTBCbit_SetDSO
                0x000828a0                CTBCbit_UnsetDSO
                0x000828ce                CTBCbit_ReadDSO
                0x00082904                CTBCbit_Runtests
                0x00082928                CTBCbit_Deinit
 .text          0x0008292c      0x328 ./Modules/CTB/CTBPbit.o
                0x0008292c                CTBPbit_Init
                0x000829e0                CTBPbit_SetTimePeriod
                0x00082a68                ctbPbit_StartTestDSI
                0x00082af8                ctbPbit_StopTestDSI
                0x00082b76                CTBPbit_ReadDSI
                0x00082bb4                CTBPbit_RunTests
                0x00082bec                CTBPbit_Deinit
                0x00082bee                ctb_dsicpu1_callback
                0x00082bfc                ctb_dsicpu2_callback
                0x00082c0c                ctb_dsicpu3_callback
                0x00082c1c                ctb_dsicpu4_callback
                0x00082c2c                ctb_dsicpu5_callback
                0x00082c3c                ctb_dsicpu6_callback
                0x00082c4c                ctbPbit_DsiPbit2TimerCB
 .text          0x00082c54      0x1a4 ./Modules/CTB/CTBio.o
                0x00082c90                CTBio_Init
                0x00082c92                CTBio_CmdLed
                0x00082cb0                CTBio_RunTests
                0x00082cc0                CTBio_SetLedToBBAuxState
                0x00082df4                CTBio_Deinit
 .text          0x00082df8       0x78 ./Modules/DBG/DBG.o
                0x00082df8                DBG_Init
                0x00082e08                DBG_Update
                0x00082e6c                DBG_Deinit
 .text          0x00082e70       0x18 ./Modules/FSM/FSM.o
                0x00082e70                FSM_Init
                0x00082e84                FSM_Deinit
 .text          0x00082e88      0x23c ./Modules/FSM/FSMupdat.o
                0x00082e88                FSM_Update
 .text          0x000830c4       0x40 ./Modules/MPM/MPM.o
                0x000830c4                MPM_Init
                0x000830d8                MPM_Management
                0x000830f4                MPM_Deinit
 .text          0x00083104      0x188 ./Modules/PARameters_Management/PAR.o
                0x00083104                PAR_Deinit
                0x00083106                PAR_CalculateCRC
                0x00083134                PAR_Init
 .text          0x0008328c       0xd8 ./Modules/PARameters_Management/PARcheck.o
                0x0008328c                PAR_CheckIsValueAllowed
                0x00083314                PAR_IsValidAccess
 .text          0x00083364        0x0 ./Modules/PARameters_Management/PARconfig.o
 .text          0x00083364      0x208 ./Modules/PARameters_Management/PARupdat.o
                0x00083364                PAR_Update
                0x00083468                PAR_SaveParametersInFlash
 .text          0x0008356c      0x5ac ./Modules/PWB/PWB.o
                0x00083584                PWB_Init
                0x000835cc                PWB_Update
                0x00083b04                PWB_Deinit
 .text          0x00083b18      0x124 ./Modules/PWB/PWBCbit.o
                0x00083b18                PWBCbit_Init
                0x00083b2c                PWBCbit_GetLvMeasures
                0x00083b78                PWBCbit_GetHvMeasures
                0x00083c00                PWBCbit_Deinit
                0x00083c02                PWBCBit_UpdatePsValidState
 .text          0x00083c3c       0x28 ./Modules/PWB/PWBPbit.o
                0x00083c3c                PWBPbit_Init
                0x00083c3e                PWBPbit_testTempConsis
                0x00083c42                PWBPbit_testHvCouplerRelay
                0x00083c52                PWBPbit_testLvPrechargeRelay
                0x00083c62                PWBPbit_Deinit
 .text          0x00083c64       0xd8 ./Modules/PWB/PWBio.o
                0x00083c64                PWBio_Init
                0x00083c70                PWBio_SetCdeSwitch
                0x00083ca8                PWBio_UnsetCdeSwitch
                0x00083cdc                PWBio_ReadAuxSwitch
                0x00083cfc                PWBio_RunTests
                0x00083d38                PWBio_Deinit
 .text          0x00083d3c        0x0 ./Project_Settings/Startup_Code/Vector_Table.o
 .text          0x00083d3c       0x12 ./Project_Settings/Startup_Code/exceptions.o
                0x00083d3c                HardFault_Handler
                0x00083d3e                MemManage_Handler
                0x00083d40                BusFault_Handler
                0x00083d42                UsageFault_Handler
                0x00083d44                SVC_Handler
                0x00083d46                DebugMon_Handler
                0x00083d48                PendSV_Handler
                0x00083d4a                SysTick_Handler
                0x00083d4c                undefined_handler
 *fill*         0x00083d4e        0x2 
 .text          0x00083d50       0x5c ./Project_Settings/Startup_Code/nvic.o
                0x00083d50                NVIC_SetPriorityGrouping
                0x00083d64                NVIC_EnableIRQ
                0x00083d7c                NVIC_DisableIRQ
                0x00083d98                NVIC_SetPriority
 .text          0x00083dac       0x54 ./Project_Settings/Startup_Code/startup.o
                0x00083dac                init_data_bss
 .text          0x00083e00        0x0 ./Project_Settings/Startup_Code/startup_cm4.o
 .text          0x00083e00        0x8 ./Project_Settings/Startup_Code/system.o
                0x00083e00                startup_go_to_user_mode
                0x00083e02                default_interrupt_routine
                0x00083e04                Sys_GetCoreID
 .text          0x00083e08        0x0 ./RTD/src/CDD_Crc.o
 .text          0x00083e08        0x0 ./RTD/src/CDD_Mcl.o
 .text          0x00083e08        0x0 ./RTD/src/CDD_Mcl_Ipw.o
 .text          0x00083e08        0x0 ./RTD/src/CDD_Rm.o
 .text          0x00083e08        0x0 ./RTD/src/CDD_Rm_Ipw.o
 .text          0x00083e08        0x0 ./RTD/src/Can.o
 .text          0x00083e08        0x0 ./RTD/src/Can_Ipw.o
 .text          0x00083e08        0x0 ./RTD/src/Can_Irq.o
 .text          0x00083e08       0x14 ./RTD/src/Clock_Ip.o
 .text          0x00083e1c        0x0 ./RTD/src/Clock_Ip_Data.o
 .text          0x00083e1c        0x0 ./RTD/src/Clock_Ip_Divider.o
 .text          0x00083e1c        0x0 ./RTD/src/Clock_Ip_DividerTrigger.o
 .text          0x00083e1c        0x0 ./RTD/src/Clock_Ip_ExtOsc.o
 .text          0x00083e1c        0x0 ./RTD/src/Clock_Ip_FracDiv.o
 .text          0x00083e1c        0x0 ./RTD/src/Clock_Ip_Frequency.o
 .text          0x00083e1c        0x0 ./RTD/src/Clock_Ip_Gate.o
 .text          0x00083e1c        0x0 ./RTD/src/Clock_Ip_IntOsc.o
 .text          0x00083e1c        0x0 ./RTD/src/Clock_Ip_Irq.o
 .text          0x00083e1c        0x0 ./RTD/src/Clock_Ip_Monitor.o
 .text          0x00083e1c        0x0 ./RTD/src/Clock_Ip_Pll.o
 .text          0x00083e1c        0x0 ./RTD/src/Clock_Ip_ProgFreqSwitch.o
 .text          0x00083e1c        0x0 ./RTD/src/Clock_Ip_Selector.o
 .text          0x00083e1c        0x0 ./RTD/src/Clock_Ip_Specific.o
 .text          0x00083e1c        0x0 ./RTD/src/Cmp_Ip.o
 .text          0x00083e1c      0x188 ./RTD/src/Crc_Ip.o
 .text          0x00083fa4        0x0 ./RTD/src/Crc_Ip_Hardware.o
 .text          0x00083fa4        0x0 ./RTD/src/Crc_Ip_Lookup_Tables.o
 .text          0x00083fa4        0x0 ./RTD/src/Crc_Ip_Software.o
 .text          0x00083fa4        0x2 ./RTD/src/CryIf.o
                0x00083fa4                CryIf_CallbackNotification
 .text          0x00083fa6        0x0 ./RTD/src/Crypto.o
 .text          0x00083fa6        0x0 ./RTD/src/Crypto_ASRExtension.o
 *fill*         0x00083fa6        0x2 
 .text          0x00083fa8      0x140 ./RTD/src/Crypto_Ipw.o
                0x00083fa8                Crypto_Ipw_Init
                0x00083fcc                Crypto_Ipw_ProcessJob
                0x00084040                Crypto_Ipw_CancelJob
                0x0008406c                Crypto_Ipw_MainFunction
                0x00084070                Crypto_Ipw_SetSynchronousRequestsTimeout
                0x00084076                Crypto_Ipw_SheSetBootStatus
                0x0008408c                Crypto_Ipw_SheGetStatus
                0x0008409a                Crypto_Ipw_SheGetId
                0x000840b0                Crypto_Ipw_SheDebugChal
                0x000840c0                Crypto_Ipw_SheDebugAuth
                0x000840d0                Crypto_Ipw_SheMPCompression
 .text          0x000840e8        0x0 ./RTD/src/Crypto_KeyManagement.o
 .text          0x000840e8        0x0 ./RTD/src/Crypto_Util.o
 .text          0x000840e8        0x0 ./RTD/src/Csec_Ip.o
 .text          0x000840e8        0xc ./RTD/src/Csec_Ip_Irq.o
                0x000840e8                Csec_Ip_Isr
 .text          0x000840f4        0x0 ./RTD/src/Det.o
 .text          0x000840f4        0x0 ./RTD/src/Det_stub.o
 .text          0x000840f4        0x0 ./RTD/src/Dio.o
 .text          0x000840f4        0x0 ./RTD/src/Dio_Ipw.o
 .text          0x000840f4        0x0 ./RTD/src/Dma_Ip.o
 .text          0x000840f4        0x0 ./RTD/src/Dma_Ip_Driver_State.o
 .text          0x000840f4        0x0 ./RTD/src/Dma_Ip_Hw_Access.o
 .text          0x000840f4        0x0 ./RTD/src/Dma_Ip_Irq.o
 .text          0x000840f4        0x0 ./RTD/src/Dma_Ip_Multicore.o
 .text          0x000840f4        0x0 ./RTD/src/EcuM.o
 .text          0x000840f4       0x14 ./RTD/src/FlexCAN_Ip.o
 .text          0x00084108        0x0 ./RTD/src/FlexCAN_Ip_HwAccess.o
 .text          0x00084108        0x0 ./RTD/src/FlexCAN_Ip_Irq.o
 .text          0x00084108        0x0 ./RTD/src/Flexio_Mcl_Ip.o
 .text          0x00084108        0x0 ./RTD/src/Flexio_Mcl_Ip_HwAccess.o
 .text          0x00084108        0x0 ./RTD/src/Flexio_Mcl_Ip_Irq.o
 .text          0x00084108      0x340 ./RTD/src/Flexio_Pwm_Ip.o
                0x0008411c                Flexio_Pwm_Ip_UpdatePeriodDuty
                0x000841c4                Flexio_Pwm_Ip_GetOutputState
                0x000841fc                Flexio_Pwm_Ip_UpdateInterruptMode
                0x00084288                Flexio_Pwm_Ip_InitChannel
                0x0008437c                Flexio_Pwm_Ip_DeInitChannel
                0x00084410                Flexio_Pwm_Ip_GetPeriod
 .text          0x00084448        0x0 ./RTD/src/Flexio_Pwm_Ip_Irq.o
 .text          0x00084448        0x0 ./RTD/src/Flexio_Spi_Ip.o
 .text          0x00084448        0x0 ./RTD/src/Flexio_Spi_Ip_Irq.o
 .text          0x00084448        0x0 ./RTD/src/Fls.o
 .text          0x00084448       0x46 ./RTD/src/Fls_IPW.o
 .text          0x0008448e       0x14 ./RTD/src/Ftfc_Fls_Ip.o
 .text          0x000844a2        0x0 ./RTD/src/Ftfc_Fls_Ip_Ac.o
 .text          0x000844a2        0x0 ./RTD/src/Ftm_Gpt_Ip.o
 .text          0x000844a2        0x0 ./RTD/src/Ftm_Icu_Ip.o
 .text          0x000844a2        0x0 ./RTD/src/Ftm_Icu_Ip_Irq.o
 .text          0x000844a2        0x0 ./RTD/src/Ftm_Mcl_Ip.o
 .text          0x000844a2       0x14 ./RTD/src/Ftm_Pwm_Ip.o
 .text          0x000844b6        0x0 ./RTD/src/Ftm_Pwm_Ip_Irq.o
 .text          0x000844b6        0x0 ./RTD/src/Gpio_Dio_Ip.o
 .text          0x000844b6        0x0 ./RTD/src/Gpt.o
 .text          0x000844b6        0x0 ./RTD/src/Gpt_Ipw.o
 .text          0x000844b6        0x0 ./RTD/src/Icu.o
 .text          0x000844b6        0x0 ./RTD/src/Icu_Ipw.o
 .text          0x000844b6        0x0 ./RTD/src/IntCtrl_Ip.o
 *fill*         0x000844b6        0x2 
 .text          0x000844b8       0x90 ./RTD/src/LPit_Gpt_Ip.o
                0x0008451c                LPIT_0_CH_0_ISR
                0x0008452a                LPIT_0_CH_1_ISR
                0x00084538                LPIT_0_CH_2_ISR
 .text          0x00084548        0x0 ./RTD/src/Lpit_Icu_Ip.o
 .text          0x00084548        0x0 ./RTD/src/Lpit_Icu_Ip_Irq.o
 .text          0x00084548        0x0 ./RTD/src/Lpspi_Ip.o
 .text          0x00084548        0x0 ./RTD/src/Lpspi_Ip_Irq.o
 .text          0x00084548        0x0 ./RTD/src/Lptmr_Gpt_Ip.o
 .text          0x00084548        0x0 ./RTD/src/Lptmr_Icu_Ip.o
 .text          0x00084548        0x0 ./RTD/src/Lptmr_Icu_Ip_Irq.o
 .text          0x00084548        0x0 ./RTD/src/Mcu.o
 .text          0x00084548        0x0 ./RTD/src/Mcu_Dem_Wrapper.o
 .text          0x00084548        0x0 ./RTD/src/Mcu_Ipw.o
 .text          0x00084548        0x0 ./RTD/src/Mcu_Ipw_Irq.o
 .text          0x00084548        0x0 ./RTD/src/Mpu_Ip.o
 .text          0x00084548        0x0 ./RTD/src/OsIf_Interrupts.o
 .text          0x00084548        0x0 ./RTD/src/OsIf_Timer.o
 .text          0x00084548        0x0 ./RTD/src/OsIf_Timer_System.o
 .text          0x00084548        0x0 ./RTD/src/OsIf_Timer_System_Internal_Systick.o
 .text          0x00084548        0x8 ./RTD/src/Os_counter_api.o
                0x00084548                GetCounterValue
                0x0008454c                GetElapsedValue
 .text          0x00084550        0x0 ./RTD/src/Os_multicore.o
 .text          0x00084550        0x0 ./RTD/src/Platform.o
 .text          0x00084550        0x0 ./RTD/src/Platform_Ipw.o
 .text          0x00084550        0x0 ./RTD/src/Port.o
 .text          0x00084550        0x0 ./RTD/src/Port_Ci_Icu_Ip.o
 .text          0x00084550        0x0 ./RTD/src/Port_Ci_Icu_Ip_Irq.o
 .text          0x00084550       0x14 ./RTD/src/Port_Ci_Port_Ip.o
 .text          0x00084564        0x0 ./RTD/src/Port_Ipw.o
 .text          0x00084564        0x0 ./RTD/src/Power_Ip.o
 .text          0x00084564        0x0 ./RTD/src/Power_Ip_CortexM4.o
 .text          0x00084564        0x0 ./RTD/src/Power_Ip_PMC.o
 .text          0x00084564        0x0 ./RTD/src/Power_Ip_PMC_Irq.o
 .text          0x00084564        0x0 ./RTD/src/Power_Ip_Private.o
 .text          0x00084564        0x0 ./RTD/src/Power_Ip_RCM.o
 .text          0x00084564        0x0 ./RTD/src/Power_Ip_RCM_Irq.o
 .text          0x00084564        0x0 ./RTD/src/Power_Ip_SIM.o
 .text          0x00084564        0x0 ./RTD/src/Power_Ip_SMC.o
 .text          0x00084564        0x0 ./RTD/src/Pwm.o
 .text          0x00084564        0x0 ./RTD/src/Pwm_Ipw.o
 .text          0x00084564        0x0 ./RTD/src/Pwm_Ipw_Notif.o
 .text          0x00084564        0x0 ./RTD/src/Qspi_Ip.o
 .text          0x00084564        0x0 ./RTD/src/Qspi_Ip_Controller.o
 .text          0x00084564        0x0 ./RTD/src/Qspi_Ip_Sfdp.o
 .text          0x00084564        0x0 ./RTD/src/Ram_Ip.o
 .text          0x00084564        0x0 ./RTD/src/SRtc_Ip.o
 .text          0x00084564        0x6 ./RTD/src/SchM_Can.o
                0x00084564                Can_schm_read_msr
 .text          0x0008456a        0x6 ./RTD/src/SchM_Crc.o
                0x0008456a                Crc_schm_read_msr
 .text          0x00084570        0x6 ./RTD/src/SchM_Crypto.o
                0x00084570                Crypto_schm_read_msr
 .text          0x00084576        0x6 ./RTD/src/SchM_Dio.o
                0x00084576                Dio_schm_read_msr
 .text          0x0008457c        0x6 ./RTD/src/SchM_Fls.o
                0x0008457c                Fls_schm_read_msr
 .text          0x00084582        0x6 ./RTD/src/SchM_Gpt.o
                0x00084582                Gpt_schm_read_msr
 .text          0x00084588        0x6 ./RTD/src/SchM_Icu.o
                0x00084588                Icu_schm_read_msr
 .text          0x0008458e        0x6 ./RTD/src/SchM_Mcl.o
                0x0008458e                Mcl_schm_read_msr
 .text          0x00084594        0x6 ./RTD/src/SchM_Mcu.o
                0x00084594                Mcu_schm_read_msr
 .text          0x0008459a        0x6 ./RTD/src/SchM_Port.o
                0x0008459a                Port_schm_read_msr
 .text          0x000845a0        0x6 ./RTD/src/SchM_Pwm.o
                0x000845a0                Pwm_schm_read_msr
 .text          0x000845a6        0x6 ./RTD/src/SchM_Rm.o
                0x000845a6                Rm_schm_read_msr
 .text          0x000845ac        0x6 ./RTD/src/SchM_Spi.o
                0x000845ac                Spi_schm_read_msr
 .text          0x000845b2        0x6 ./RTD/src/SchM_Wdg.o
                0x000845b2                Wdg_schm_read_msr
 .text          0x000845b8        0x0 ./RTD/src/Spi.o
 .text          0x000845b8        0x0 ./RTD/src/Spi_Ipw.o
 .text          0x000845b8        0x0 ./RTD/src/System_Ip.o
 .text          0x000845b8        0x0 ./RTD/src/Trgmux_Ip.o
 .text          0x000845b8        0x0 ./RTD/src/Trgmux_Ip_HwAcc.o
 .text          0x000845b8        0x0 ./RTD/src/WdgIf.o
 .text          0x000845b8        0x0 ./RTD/src/Wdg_43_Instance0.o
 .text          0x000845b8        0x0 ./RTD/src/Wdg_Channel.o
 .text          0x000845b8        0x0 ./RTD/src/Wdg_Ipw.o
 .text          0x000845b8        0x0 ./RTD/src/Wdg_Ipw_Irq.o
 .text          0x000845b8       0x14 ./RTD/src/Wdog_Ip.o
 .text          0x000845cc      0x370 ./SCHeduler/SCH.o
                0x000845cc                SCH_Init
                0x0008463c                SCH_Deinit
                0x00084660                SCH_MainLoop
                0x00084908                sch_Interruption
 .text          0x0008493c        0x0 ./board/Port_Ci_Port_Ip_Cfg.o
 .text          0x0008493c        0x0 ./generate/IntCtrl_Ip/IntCtrl_Ip_Cfg.o
 .text          0x0008493c        0x0 ./generate/src/CDD_Mcl_Cfg.o
 .text          0x0008493c        0x0 ./generate/src/CDD_Mcl_Init_PBcfg.o
 .text          0x0008493c        0x0 ./generate/src/CDD_Rm_Cfg.o
 .text          0x0008493c        0x0 ./generate/src/CDD_Rm_Init_PBcfg.o
 .text          0x0008493c        0x0 ./generate/src/CDD_Rm_Ipw_Init_PBcfg.o
 .text          0x0008493c        0x0 ./generate/src/Can_Init_PBcfg.o
 .text          0x0008493c        0x0 ./generate/src/Can_Ipw_Init_PBcfg.o
 .text          0x0008493c        0x0 ./generate/src/Clock_Ip_Cfg.o
 .text          0x0008493c        0x0 ./generate/src/Clock_Ip_Init_PBcfg.o
 .text          0x0008493c        0x0 ./generate/src/Cmp_Ip_Init_PBcfg.o
 .text          0x0008493c        0x0 ./generate/src/Crc_Cfg.o
 .text          0x0008493c        0x0 ./generate/src/Crc_Ip_Cfg.o
 .text          0x0008493c        0x0 ./generate/src/Crypto_Cfg.o
 .text          0x0008493c        0x0 ./generate/src/Dio_Cfg.o
 .text          0x0008493c        0x0 ./generate/src/Dma_Ip_Cfg.o
 .text          0x0008493c        0x0 ./generate/src/Dma_Ip_Init_PBcfg.o
 .text          0x0008493c        0x0 ./generate/src/FlexCAN_Ip_Init_PBcfg.o
 .text          0x0008493c        0x0 ./generate/src/Flexio_Mcl_Ip_Init_PBcfg.o
 .text          0x0008493c        0x0 ./generate/src/Flexio_Pwm_Ip_Init_PBcfg.o
 .text          0x0008493c        0x0 ./generate/src/Flexio_Spi_Ip_Init_PBcfg.o
 .text          0x0008493c        0x0 ./generate/src/Fls_Cfg.o
 .text          0x0008493c        0x0 ./generate/src/Fls_Init_PBcfg.o
 .text          0x0008493c        0x0 ./generate/src/Ftfc_Fls_Ip_Init_PBcfg.o
 .text          0x0008493c        0x0 ./generate/src/Ftm_Gpt_Ip_Init_PBcfg.o
 .text          0x0008493c        0x0 ./generate/src/Ftm_Icu_Ip_Init_PBcfg.o
 .text          0x0008493c        0x0 ./generate/src/Ftm_Pwm_Ip_Init_PBcfg.o
 .text          0x0008493c        0x0 ./generate/src/Gpt_Cfg.o
 .text          0x0008493c        0x0 ./generate/src/Gpt_Init_PBcfg.o
 .text          0x0008493c        0x0 ./generate/src/Gpt_Ipw_Init_PBcfg.o
 .text          0x0008493c        0x0 ./generate/src/Icu_Cfg.o
 .text          0x0008493c        0x0 ./generate/src/Icu_DmaNotification.o
 .text          0x0008493c        0x0 ./generate/src/Icu_Init_PBcfg.o
 .text          0x0008493c        0x0 ./generate/src/Icu_Ipw_Init_PBcfg.o
 .text          0x0008493c        0x0 ./generate/src/LPit_Gpt_Ip_Init_PBcfg.o
 .text          0x0008493c        0x0 ./generate/src/Lpit_Icu_Ip_Init_PBcfg.o
 .text          0x0008493c        0x0 ./generate/src/Lpspi_Ip_Init_PBcfg.o
 .text          0x0008493c        0x0 ./generate/src/Lptmr_Gpt_Ip_Init_PBcfg.o
 .text          0x0008493c        0x0 ./generate/src/Lptmr_Icu_Ip_Init_PBcfg.o
 .text          0x0008493c        0x0 ./generate/src/Mcu_Cfg.o
 .text          0x0008493c        0x0 ./generate/src/Mcu_Init_PBcfg.o
 .text          0x0008493c        0x0 ./generate/src/Mpu_Ip_Init_PBcfg.o
 .text          0x0008493c        0x0 ./generate/src/OsIf_Cfg.o
 .text          0x0008493c        0x0 ./generate/src/Platform_Cfg.o
 .text          0x0008493c        0x0 ./generate/src/Platform_Ipw_Cfg.o
 .text          0x0008493c        0x0 ./generate/src/Port_Cfg.o
 .text          0x0008493c        0x0 ./generate/src/Port_Ci_Icu_Ip_Init_PBcfg.o
 .text          0x0008493c        0x0 ./generate/src/Port_Ci_Port_Ip_Init_PBcfg.o
 .text          0x0008493c        0x0 ./generate/src/Port_Init_PBcfg.o
 .text          0x0008493c        0x0 ./generate/src/Power_Ip_Cfg.o
 .text          0x0008493c        0x0 ./generate/src/Power_Ip_Init_PBcfg.o
 .text          0x0008493c        0x0 ./generate/src/Pwm_Init_PBcfg.o
 .text          0x0008493c        0x0 ./generate/src/Qspi_Ip_Init_PBcfg.o
 .text          0x0008493c        0x0 ./generate/src/Ram_Ip_Cfg.o
 .text          0x0008493c        0x0 ./generate/src/Ram_Ip_Init_PBcfg.o
 .text          0x0008493c        0x0 ./generate/src/SRtc_Ip_Init_PBcfg.o
 .text          0x0008493c        0x0 ./generate/src/Spi_Init_PBcfg.o
 .text          0x0008493c        0x0 ./generate/src/Spi_Ipw_Init_PBcfg.o
 .text          0x0008493c        0x0 ./generate/src/Trgmux_Ip_Cfg.o
 .text          0x0008493c        0x0 ./generate/src/Trgmux_Ip_Init_PBcfg.o
 .text          0x0008493c        0x0 ./generate/src/Wdg_43_Instance0_Cfg.o
 .text          0x0008493c        0x0 ./generate/src/Wdg_43_Instance0_Init_PBcfg.o
 .text          0x0008493c        0x0 ./generate/src/Wdg_43_Instance0_Ipw_Init_PBcfg.o
 .text          0x0008493c        0x0 ./generate/src/Wdg_CfgExt.o
 .text          0x0008493c        0x0 ./generate/src/Wdog_Ip_Init_PBcfg.o
 .text          0x0008493c        0x0 ./src/main.o
 .text          0x0008493c        0x0 C:/NXP/S32DS.3.4/S32DS/build_tools/gcc_v9.2/gcc-9.2-arm32-eabi/arm-none-eabi/newlib/lib/thumb/v7e-m+fp/hard\libc_nano.a(lib_a-memcpy-stub.o)
 *(.text*)
 .text.memcpy   0x0008493c       0x1c C:/NXP/S32DS.3.4/S32DS/build_tools/gcc_v9.2/gcc-9.2-arm32-eabi/arm-none-eabi/newlib/lib/thumb/v7e-m+fp/hard\libc_nano.a(lib_a-memcpy-stub.o)
                0x0008493c                memcpy
                0x00084958                . = ALIGN (0x4)
 *(.mcal_text)
 .mcal_text     0x00084958       0xd8 ./RTD/src/CDD_Crc.o
                0x00084990                Crc_Init
                0x000849ac                Crc_SetChannelConfig
                0x000849c8                Crc_SetChannelCalculate
                0x00084a12                Crc_GetChannelResult
 .mcal_text     0x00084a30      0x338 ./RTD/src/CDD_Mcl.o
                0x00084a4a                Mcl_Init
                0x00084a98                Mcl_DeInit
                0x00084acc                Mcl_SetDmaInstanceCommand
                0x00084afc                Mcl_GetDmaInstanceStatus
                0x00084b42                Mcl_SetDmaChannelCommand
                0x00084b72                Mcl_GetDmaChannelStatus
                0x00084bb4                Mcl_SetDmaChannelGlobalList
                0x00084c22                Mcl_SetDmaChannelTransferList
                0x00084c90                Mcl_SetDmaChannelScatterGatherList
                0x00084d06                Mcl_GetDmaChannelParam
                0x00084d36                Mcl_SetDmaChannelScatterGatherConfig
                0x00084d5e                Mcl_SetTrgMuxInput
                0x00084d62                Mcl_SetTrgMuxLock
 .mcal_text     0x00084d68       0x48 ./RTD/src/CDD_Rm.o
                0x00084d68                Rm_Init
                0x00084d94                Rm_Mpu_SetRegionConfig
                0x00084d98                Rm_Mpu_EnableRegion
                0x00084d9c                Rm_Mpu_SetAccessMode
                0x00084da0                Rm_Mpu_GetErrorDetails
 .mcal_text     0x00084db0       0x16 ./RTD/src/CDD_Rm_Ipw.o
                0x00084db0                Rm_Ipw_Mpu_Init
                0x00084db6                Rm_Ipw_Mpu_SetRegionConfig
                0x00084dba                Rm_Ipw_Mpu_EnableRegion
                0x00084dbe                Rm_Ipw_Mpu_SetAccessMode
                0x00084dc2                Rm_Ipw_Mpu_GetErrorDetails
 *fill*         0x00084dc6        0x2 
 .mcal_text     0x00084dc8      0x59c ./RTD/src/Can.o
                0x00084df0                Can_Init
                0x00084eb4                Can_DeInit
                0x00084f24                Can_SetBaudrate
                0x00084f78                Can_SetControllerMode
                0x00085020                Can_DisableControllerInterrupts
                0x0008507c                Can_EnableControllerInterrupts
                0x000850d8                Can_GetControllerErrorState
                0x00085120                Can_GetControllerMode
                0x0008515c                Can_GetControllerRxErrorCounter
                0x000851a4                Can_GetControllerTxErrorCounter
                0x000851ec                Can_Write
                0x00085294                Can_MainFunction_Write
                0x00085296                Can_MainFunction_Read
                0x00085298                Can_MainFunction_BusOff
                0x0008529a                Can_MainFunction_Mode
                0x000852c8                Can_ProcessMesgBufferCommonInterrupt
                0x00085308                Can_ProcessBusOffInterrupt
                0x00085340                Can_ProcessErrorInterrupt
 .mcal_text     0x00085364      0x7c0 ./RTD/src/Can_Ipw.o
                0x00085570                Can_Ipw_Init
                0x0008566c                Can_Ipw_DeInit
                0x00085672                Can_Ipw_SetBaudrate
                0x00085708                Can_Ipw_SetControllerToStartMode
                0x00085828                Can_Ipw_SetControllerToStopMode
                0x000858bc                Can_Ipw_DisableControllerInterrupts
                0x00085904                Can_Ipw_EnableControllerInterrupts
                0x0008594c                Can_Ipw_GetControllerErrorState
                0x0008595a                Can_Ipw_GetControllerTxErrorCounter
                0x00085960                Can_Ipw_GetControllerRxErrorCounter
                0x00085966                Can_Ipw_Write
                0x00085a18                Can_Ipw_MainFunction_Mode
                0x00085a4c                Can_Ipw_ProcessTxMesgBuffer
                0x00085a84                Can_Ipw_ProcessRxMesgBuffer
 .mcal_text     0x00085b24       0x5c ./RTD/src/Can_Irq.o
                0x00085b24                Can_CommonIrqCallback
                0x00085b64                Can_ErrorIrqCallback
 .mcal_text     0x00085b80      0xb98 ./RTD/src/Clock_Ip.o
                0x00085b82                Clock_Ip_GetPllStatus
                0x00085c28                Clock_Ip_DistributePll
                0x00085d1c                Clock_Ip_DisableClockMonitor
                0x00085d44                Clock_Ip_GetClockMonitorStatus
                0x00085d6c                Clock_Ip_ClearClockMonitorStatus
                0x00085d94                Clock_Ip_InstallNotificationsCallback
                0x00085dac                Clock_Ip_DisableModuleClock
                0x00085dd4                Clock_Ip_EnableModuleClock
                0x00085dfc                Clock_Ip_PowerModeChangeNotification
                0x00085e1c                Clock_Ip_GetClockFrequency
                0x00085e3c                Clock_Ip_ReportClockErrors
                0x00085e48                Clock_Ip_StartTimeout
                0x00085e68                Clock_Ip_TimeoutExpired
                0x00085e84                Clock_Ip_GetConfiguredFrequencyValue
                0x00085ebc                Clock_Ip_InitClock
                0x000866e4                Clock_Ip_Init
 .mcal_text     0x00086718      0x1ec ./RTD/src/Clock_Ip_Divider.o
                0x0008671a                Clock_Ip_SetScgAsyncDiv1_TrustedCall
                0x0008674c                Clock_Ip_SetScgAsyncDiv2_TrustedCall
                0x00086780                Clock_Ip_SetScgRunDivcore_TrustedCall
                0x0008679c                Clock_Ip_SetScgRunDivbus_TrustedCall
                0x000867b8                Clock_Ip_SetScgRunDivslow_TrustedCall
                0x000867d4                Clock_Ip_SetScgVlprDivcore_TrustedCall
                0x000867f0                Clock_Ip_SetScgVlprDivbus_TrustedCall
                0x0008680c                Clock_Ip_SetScgVlprDivslow_TrustedCall
                0x00086828                Clock_Ip_SetScgHsrunDivcore_TrustedCall
                0x00086844                Clock_Ip_SetScgHsrunDivbus_TrustedCall
                0x00086860                Clock_Ip_SetScgHsrunDivslow_TrustedCall
                0x0008687c                Clock_Ip_SetSimClkoutDiv_TrustedCall
                0x0008689c                Clock_Ip_SetPccPcdDivFrac_TrustedCall
                0x000868dc                Clock_Ip_SetSimTraceDivMul_TrustedCall
 .mcal_text     0x00086904        0x2 ./RTD/src/Clock_Ip_DividerTrigger.o
 *fill*         0x00086906        0x2 
 .mcal_text     0x00086908      0x190 ./RTD/src/Clock_Ip_ExtOsc.o
                0x00086954                Clock_Ip_ResetSOSC_TrustedCall
                0x00086990                Clock_Ip_SetSOSC_TrustedCall
                0x00086a60                Clock_Ip_DisableSOSC_TrustedCall
                0x00086a78                Clock_Ip_EnableSOSC_TrustedCall
 .mcal_text     0x00086a98        0x6 ./RTD/src/Clock_Ip_FracDiv.o
 *fill*         0x00086a9e        0x2 
 .mcal_text     0x00086aa0      0xe08 ./RTD/src/Clock_Ip_Frequency.o
                0x00087868                Clock_Ip_SetExternalOscillatorFrequency
                0x00087874                Clock_Ip_SetExternalSignalFrequency
                0x00087898                Clock_Ip_GetFreq
 .mcal_text     0x000878a8      0x164 ./RTD/src/Clock_Ip_Gate.o
                0x000878ac                Clock_Ip_ClockSetSimLPO1KEnable_TrustedCall
                0x000878dc                Clock_Ip_ClockSetSimLPO32KEnable_TrustedCall
                0x00087910                Clock_Ip_ClockSetSimClkoutEnable_TrustedCall
                0x00087944                Clock_Ip_ClockSetPccCgcEnable_TrustedCall
                0x0008798c                Clock_Ip_ClockSetSimGate_TrustedCall
                0x000879d4                Clock_Ip_ClockSetSimTraceEnable_TrustedCall
 .mcal_text     0x00087a0c      0x404 ./RTD/src/Clock_Ip_IntOsc.o
                0x00087a60                Clock_Ip_SetSirc_TrustedCall
                0x00087b04                Clock_Ip_EnableSirc_TrustedCall
                0x00087b60                Clock_Ip_DisableSirc_TrustedCall
                0x00087b84                Clock_Ip_SetSircVlp_TrustedCall
                0x00087bbc                Clock_Ip_EnableSircVlp_TrustedCall
                0x00087bdc                Clock_Ip_DisableSircVlp_TrustedCall
                0x00087bf4                Clock_Ip_SetSircStop_TrustedCall
                0x00087c2c                Clock_Ip_EnableSircStop_TrustedCall
                0x00087c4c                Clock_Ip_DisableSircStop_TrustedCall
                0x00087c64                Clock_Ip_SetFirc_TrustedCall
                0x00087da0                Clock_Ip_EnableFirc_TrustedCall
                0x00087df8                Clock_Ip_DisableFirc_TrustedCall
 .mcal_text     0x00087e10        0xa ./RTD/src/Clock_Ip_Monitor.o
 *fill*         0x00087e1a        0x2 
 .mcal_text     0x00087e1c      0x144 ./RTD/src/Clock_Ip_Pll.o
                0x00087e74                Clock_Ip_ResetSpll_TrustedCall
                0x00087ec8                Clock_Ip_SetSpll_TrustedCall
                0x00087f1c                Clock_Ip_DisableSpll_TrustedCall
                0x00087f40                Clock_Ip_EnableSpll_TrustedCall
 .mcal_text     0x00087f60        0x2 ./RTD/src/Clock_Ip_ProgFreqSwitch.o
 *fill*         0x00087f62        0x2 
 .mcal_text     0x00087f64      0x320 ./RTD/src/Clock_Ip_Selector.o
                0x00087f66                Clock_Ip_ResetScgRunSel_TrustedCall
                0x00087f8c                Clock_Ip_SetScgRunSel_TrustedCall
                0x00087fb4                Clock_Ip_SetScgVlprSel_TrustedCall
                0x00087fdc                Clock_Ip_ResetScgHsrunSel_TrustedCall
                0x00088000                Clock_Ip_SetScgHsrunSel_TrustedCall
                0x00088028                Clock_Ip_ResetSimRtcSel_TrustedCall
                0x00088048                Clock_Ip_SetSimRtcSel_TrustedCall
                0x0008806c                Clock_Ip_ResetSimLpoSel_TrustedCall
                0x0008808c                Clock_Ip_SetSimLpoSel_TrustedCall
                0x000880b0                Clock_Ip_ResetScgClkoutSel_TrustedCall
                0x000880d0                Clock_Ip_SetScgClkoutSel_TrustedCall
                0x000880f4                Clock_Ip_ResetSimFtmoptSel_TrustedCall
                0x00088148                Clock_Ip_SetSimFtmoptSel_TrustedCall
                0x0008819c                Clock_Ip_ResetSimClkoutSel_TrustedCall
                0x000881b0                Clock_Ip_SetSimClkoutSel_TrustedCall
                0x000881d4                Clock_Ip_ResetPccPcsSelect_TrustedCall
                0x000881fc                Clock_Ip_SetPccPcsSelect_TrustedCall
                0x00088238                Clock_Ip_ResetSimTraceSel_TrustedCall
                0x0008825c                Clock_Ip_SetSimTraceSel_TrustedCall
 .mcal_text     0x00088284      0x84c ./RTD/src/Clock_Ip_Specific.o
                0x00088284                SetFircToResetValue_TrustedCall
                0x000882a0                SetSimLpoclksRegister_TrustedCall
                0x00088314                Clock_Ip_ClockPowerModeChangeNotification
                0x000884c0                Clock_Ip_Command
 .mcal_text     0x00088ad0      0x2a0 ./RTD/src/Cmp_Ip.o
                0x00088ad0                Cmp_Ip_Init
                0x00088ca0                Cmp_Ip_Deinit
                0x00088cbc                Cmp_Ip_EnableNotification
                0x00088cd0                Cmp_Ip_DisableNotification
                0x00088ce4                Cmp_Ip_EnableInterrupt
                0x00088d48                Cmp_Ip_DisableInterrupt
                0x00088d60                Cmp_Ip_SetInterruptActivation
 .mcal_text     0x00088d70      0x284 ./RTD/src/Crc_Ip.o
                0x00088d74                Crc_Ip_Init
                0x00088da8                Crc_Ip_SetChannelConfig
                0x00088dd8                Crc_Ip_SetChannelCalculate
                0x00088fb8                Crc_Ip_GetChannelResult
 .mcal_text     0x00088ff4      0x114 ./RTD/src/Crc_Ip_Hardware.o
                0x00089014                Crc_Ip_HwSetConfig
                0x000890b8                Crc_Ip_HwCalculate
                0x000890fc                Crc_Ip_HwGetLocResult
 .mcal_text     0x00089108      0x2f4 ./RTD/src/Crc_Ip_Lookup_Tables.o
                0x00089204                Crc_Ip_LookupTablesCalculate
 .mcal_text     0x000893fc      0x294 ./RTD/src/Crc_Ip_Software.o
                0x000894f8                Crc_Ip_SwCalculate
 .mcal_text     0x00089690      0x15c ./RTD/src/Crypto.o
                0x000896a8                Crypto_Init
                0x000896c4                Crypto_ProcessJob
                0x0008977c                Crypto_CancelJob
                0x0008979e                Crypto_KeyElementSet
                0x000897a2                Crypto_KeySetValid
                0x000897a6                Crypto_KeyElementGet
                0x000897aa                Crypto_KeyElementCopy
                0x000897ae                Crypto_KeyElementCopyPartial
                0x000897b2                Crypto_KeyCopy
                0x000897b6                Crypto_KeyElementIdsGet
                0x000897ba                Crypto_RandomSeed
                0x000897be                Crypto_KeyGenerate
                0x000897c2                Crypto_KeyDerive
                0x000897c6                Crypto_KeyExchangeCalcPubVal
                0x000897ca                Crypto_KeyExchangeCalcSecret
                0x000897ce                Crypto_CertificateParse
                0x000897d2                Crypto_CertificateVerify
                0x000897d6                Crypto_MainFunction
 .mcal_text     0x000897ec       0x62 ./RTD/src/Crypto_ASRExtension.o
                0x000897ec                Crypto_Exts_SetSynchronousRequestsTimeout
                0x000897fa                Crypto_Exts_SHE_BootFailure
                0x00089802                Crypto_Exts_SHE_BootOk
                0x0008980a                Crypto_Exts_SHE_GetStatus
                0x00089812                Crypto_Exts_SHE_GetId
                0x00089828                Crypto_Exts_SHE_DebugChal
                0x00089830                Crypto_Exts_SHE_DebugAuth
                0x00089838                Crypto_Exts_MPCompression
 *fill*         0x0008984e        0x2 
 .mcal_text     0x00089850      0x12c ./RTD/src/Crypto_Ipw.o
 .mcal_text     0x0008997c      0x164 ./RTD/src/Crypto_Util.o
                0x0008997c                Crypto_Util_MemCpy8
                0x00089990                Crypto_Util_InitJobQueues
                0x000899cc                Crypto_Util_QueueJob
                0x00089a44                Crypto_Util_DequeueHeadJob
                0x00089a7c                Crypto_Util_DequeueJob
 .mcal_text     0x00089ae0      0xf08 ./RTD/src/Csec_Ip.o
                0x0008a000                Csec_Ip_Init
                0x0008a018                Csec_Ip_Deinit
                0x0008a024                Csec_Ip_LoadKey
                0x0008a0b8                Csec_Ip_LoadPlainKey
                0x0008a110                Csec_Ip_ExportRamKey
                0x0008a1ac                Csec_Ip_InitRng
                0x0008a1f8                Csec_Ip_ExtendSeed
                0x0008a250                Csec_Ip_GenerateRnd
                0x0008a2e4                Csec_Ip_BootFailure
                0x0008a330                Csec_Ip_BootOk
                0x0008a37c                Csec_Ip_BootDefine
                0x0008a3d8                Csec_Ip_GetId
                0x0008a464                Csec_Ip_DbgChal
                0x0008a4c0                Csec_Ip_DbgAuth
                0x0008a518                Csec_Ip_MainFunction
                0x0008a52c                Csec_Ip_CancelCommand
                0x0008a590                Csec_Ip_EncryptEcb
                0x0008a608                Csec_Ip_DecryptEcb
                0x0008a680                Csec_Ip_EncryptCbc
                0x0008a6fc                Csec_Ip_DecryptCbc
                0x0008a778                Csec_Ip_GenerateMac
                0x0008a808                Csec_Ip_VerifyMac
                0x0008a8b0                Csec_Ip_MpCompress
                0x0008a998                Csec_Ip_IrqHandler
                0x0008a9d0                Csec_Ip_SetSynchronousCmdTimeout
                0x0008a9dc                Csec_Ip_GetStatus
 .mcal_text     0x0008a9e8       0xa4 ./RTD/src/Det.o
                0x0008a9e8                Det_Init
                0x0008a9ea                Det_ReportError
                0x0008aa20                Det_ReportRuntimeError
                0x0008aa54                Det_ReportTransientFault
                0x0008aa88                Det_Start
 .mcal_text     0x0008aa8c      0x21c ./RTD/src/Det_stub.o
                0x0008aa8c                Det_TestLastReportError
                0x0008aaf4                Det_TestLastReportRuntimeError
                0x0008ab5c                Det_TestLastReportTransientFault
                0x0008abc4                Det_TestNoError
                0x0008ac10                Det_TestNoRuntimeError
                0x0008ac5c                Det_TestNoTransientFault
 .mcal_text     0x0008aca8       0x1c ./RTD/src/Dio.o
                0x0008aca8                Dio_ReadChannel
                0x0008acac                Dio_WriteChannel
                0x0008acb0                Dio_FlipChannel
                0x0008acb4                Dio_ReadPort
                0x0008acb8                Dio_WritePort
                0x0008acbc                Dio_ReadChannelGroup
                0x0008acc0                Dio_WriteChannelGroup
 .mcal_text     0x0008acc4       0xd4 ./RTD/src/Dio_Ipw.o
                0x0008acc4                Dio_Ipw_ReadChannel
                0x0008acd8                Dio_Ipw_WriteChannel
                0x0008acf4                Dio_Ipw_FlipChannel
                0x0008ad24                Dio_Ipw_ReadPort
                0x0008ad34                Dio_Ipw_WritePort
                0x0008ad44                Dio_Ipw_ReadChannelGroup
                0x0008ad64                Dio_Ipw_WriteChannelGroup
 .mcal_text     0x0008ad98      0x908 ./RTD/src/Dma_Ip.o
                0x0008afa4                Dma_Ip_ConvertLogicChToHwCh
                0x0008afb8                Dma_Ip_SetLogicInstanceCommand
                0x0008afe4                Dma_Ip_GetLogicInstanceStatus
                0x0008affc                Dma_Ip_LogicChannelInit
                0x0008b1b0                Dma_Ip_Init
                0x0008b210                Dma_Ip_LogicChannelDeinit
                0x0008b280                Dma_Ip_Deinit
                0x0008b2ac                Dma_Ip_SetLogicChannelCommand
                0x0008b334                Dma_Ip_GetLogicChannelStatus
                0x0008b394                Dma_Ip_SetLogicChannelGlobalList
                0x0008b420                Dma_Ip_SetLogicChannelTransferList
                0x0008b4f0                Dma_Ip_SetLogicChannelScatterGatherList
                0x0008b598                Dma_Ip_GetLogicChannelParam
                0x0008b5c0                Dma_Ip_SetLogicChannelScatterGatherConfig
                0x0008b648                Dma_Ip_IntIrqHandler
                0x0008b65e                Dma_Ip_ErrorIrqHandler
 .mcal_text     0x0008b6a0       0xf0 ./RTD/src/Dma_Ip_Driver_State.o
                0x0008b718                Dma_Ip_SetHwChannelState
                0x0008b748                Dma_Ip_GetHwChannelState
                0x0008b764                Dma_Ip_GetHwChannelStatePointer
                0x0008b77c                Dma_Ip_SetHwChannelStatePointer
 .mcal_text     0x0008b790      0x7dc ./RTD/src/Dma_Ip_Hw_Access.o
                0x0008b7c4                HwAccDmaCh_SetGlobalDummyFunction
                0x0008b7c6                HwAccDmaCh_SetTransferDummyFunction
                0x0008b7c8                HwAccDmaCh_GetParamDummyFunction
                0x0008b7ca                HwAccDmaCh_CmdSetHwRequest
                0x0008b7dc                HwAccDmaCh_CmdClearHwRequest
                0x0008b7f0                HwAccDmaCh_CmdSetSwRequest
                0x0008b804                HwAccDmaCh_CmdClearDone
                0x0008b818                HwAccDmaCh_CmdClearError
                0x0008b82c                HwAccDmaCh_SetSource_Address
                0x0008b834                HwAccDmaCh_SetSource_SignedOffset
                0x0008b83c                HwAccDmaCh_SetSource_LastAddrAdj
                0x0008b844                HwAccDmaCh_SetDestination_Address
                0x0008b84c                HwAccDmaCh_SetDestination_SignedOffset
                0x0008b854                HwAccDmaCh_SetMajorLoop_Count
                0x0008b862                HwAccDmaCh_GetSourceAddress
                0x0008b876                HwAccDmaCh_GetDestinationAddress
                0x0008b88a                HwAccDmaCh_GetIntMajor
                0x0008b8a2                HwAccDmaCh_GetIntHalfMajor
                0x0008b8ba                HwAccDmaCh_SetSource_TransferSize
                0x0008b8d0                HwAccDmaCh_SetSource_Modulo
                0x0008b8e2                HwAccDmaCh_SetDestination_TransferSize
                0x0008b8f6                HwAccDmaCh_SetDestination_Modulo
                0x0008b90a                HwAccDmaCh_SetMinorLoop_enSrcOffset
                0x0008b91c                HwAccDmaCh_SetMinorLoop_enDstOffset
                0x0008b932                HwAccDmaCh_SetMinorLoop_Offset
                0x0008b950                HwAccDmaCh_SetControl_EnMajor
                0x0008b966                HwAccDmaCh_SetControl_EnHalfMajor
                0x0008b97c                HwAccDmaCh_SetControl_DisAutoHwRequest
                0x0008b992                HwAccDmaCh_SetControl_BandwidthControl
                0x0008b9a4                HwAccDmaCh_GetBeginIterCount
                0x0008b9c4                hwAccDmaInst_CmdCancelTransfer
                0x0008b9dc                hwAccDmaInst_CmdCancelTransferWithError
                0x0008b9f4                hwAccDmaInst_CmdHalt
                0x0008ba0c                hwAccDmaInst_CmdResume
                0x0008ba24                HwAccDmaCh_SetRequest_EnMuxSource
                0x0008ba44                HwAccDmaCh_SetRequest_MuxSource
                0x0008ba64                HwAccDmaCh_SetRequest_EnMuxTrigger
                0x0008ba84                HwAccDmaCh_SetPriority_Level
                0x0008baa8                HwAccDmaCh_SetPriority_EnPreemption
                0x0008bacc                HwAccDmaCh_SetControl_EnStart
                0x0008bae4                HwAccDmaCh_SetPriority_DisPreempt
                0x0008bb0a                HwAccDmaCh_SetInterrupt_EnError
                0x0008bb2c                HwAccDmaCh_SetRequest_EnRequest
                0x0008bb4c                HwAccDmaCh_SetDestination_LastAddrAdj
                0x0008bb54                HwAccDmaCh_GetCurrentIterCount
                0x0008bb74                HwAccDmaCh_SetMajorLoop_EnLink
                0x0008bb8a                HwAccDmaCh_SetMajorLoop_LogicLinkCh
                0x0008bbac                HwAccDmaCh_SetMinorLoop_EnLink
                0x0008bbca                HwAccDmaCh_SetMinorLoop_LogicLinkCh
                0x0008bbf6                HwAccDmaCh_SetMinorLoop_Size
                0x0008bc1a                HwAccDmaInst_SetConfig
                0x0008bc5c                HwAccDmaInst_SetCommand
                0x0008bc6c                HwAccDmaInst_GetStatus
                0x0008bc90                HwAccDmaCh_SetCommand
                0x0008bcac                HwAccDmaCh_GetStatus
                0x0008bcca                HwAccDmaCh_GetStatus_Error
                0x0008bcec                HwAccDmaCh_SetGlobalParam
                0x0008bd0c                HwAccDmaCh_SetTransferParam
                0x0008bd28                HwAccDmaCh_GetParam
                0x0008bd48                HwAccDmaCh_LoadConfigIntoSoftwareTcd
                0x0008bef4                HwAccDmaCh_LoadSoftwareTcdIntoHardwareTcd
                0x0008bf4c                HwAccDmaCh_SetControl_ScatterGatherAddress
                0x0008bf54                HwAccDmaCh_SetControl_EnScatterGatherProcessing
 .mcal_text     0x0008bf6c      0x154 ./RTD/src/Dma_Ip_Irq.o
                0x0008bfa0                Dma0_Ch0_IRQHandler
                0x0008bfae                Dma0_Ch1_IRQHandler
                0x0008bfbc                Dma0_Ch2_IRQHandler
                0x0008bfca                Dma0_Ch3_IRQHandler
                0x0008bfd8                Dma0_Ch4_IRQHandler
                0x0008bfe6                Dma0_Ch5_IRQHandler
                0x0008bff4                Dma0_Ch6_IRQHandler
                0x0008c002                Dma0_Ch7_IRQHandler
                0x0008c010                Dma0_Ch8_IRQHandler
                0x0008c01e                Dma0_Ch9_IRQHandler
                0x0008c02c                Dma0_Ch10_IRQHandler
                0x0008c03a                Dma0_Ch11_IRQHandler
                0x0008c048                Dma0_Ch12_IRQHandler
                0x0008c056                Dma0_Ch13_IRQHandler
                0x0008c064                Dma0_Ch14_IRQHandler
                0x0008c072                Dma0_Ch15_IRQHandler
                0x0008c080                Dma0_Error_IrqHandler
 .mcal_text     0x0008c0c0       0x10 ./RTD/src/EcuM.o
                0x0008c0c0                EcuM_SetWakeupEvent
                0x0008c0cc                EcuM_ValidateWakeupEvent
                0x0008c0ce                EcuM_CheckWakeup
 .mcal_text     0x0008c0d0     0x1b74 ./RTD/src/FlexCAN_Ip.o
                0x0008c57c                FlexCAN_Ip_Init_Privileged
                0x0008c728                FlexCAN_Ip_Send
                0x0008c79c                FlexCAN_Ip_ConfigRxMb
                0x0008c830                FlexCAN_Ip_Receive
                0x0008c880                FlexCAN_Ip_ReceiveBlocking
                0x0008c968                FlexCAN_Ip_RxFifo
                0x0008c980                FlexCAN_Ip_RxFifoBlocking
                0x0008ca5c                FlexCAN_Ip_ConfigRxFifo_Privileged
                0x0008cac8                FlexCAN_Ip_ConfigRemoteResponseMb
                0x0008cb8c                FlexCAN_Ip_GetTransferStatus
                0x0008cbcc                FlexCAN_IRQHandler
                0x0008cdb8                FlexCAN_Ip_ClearErrorStatus
                0x0008cdd4                FlexCAN_Ip_GetErrorStatus
                0x0008cdf0                FlexCAN_Ip_GetControllerTxErrorCounter
                0x0008ce10                FlexCAN_Ip_GetControllerRxErrorCounter
                0x0008ce30                FlexCAN_Error_IRQHandler
                0x0008ceb8                FlexCAN_BusOff_IRQHandler
                0x0008cf60                FlexCAN_Ip_SendBlocking
                0x0008d05c                FlexCAN_Ip_SetRxMbGlobalMask_Privileged
                0x0008d0b0                FlexCAN_Ip_EnterFreezeMode_Privileged
                0x0008d0c0                FlexCAN_Ip_ExitFreezeMode_Privileged
                0x0008d0d0                FlexCAN_Ip_SetRxIndividualMask_Privileged
                0x0008d148                FlexCAN_Ip_SetRxFifoGlobalMask_Privileged
                0x0008d1a0                FlexCAN_Ip_Deinit_Privileged
                0x0008d218                FlexCAN_Ip_MainFunctionRead
                0x0008d284                FlexCAN_Ip_MainFunctionBusOff_Privileged
                0x0008d2c8                FlexCAN_Ip_MainFunctionWrite
                0x0008d360                FlexCAN_Ip_GetStopMode_Privileged
                0x0008d374                FlexCAN_Ip_GetStartMode_Privileged
                0x0008d38c                FlexCAN_Ip_SetStartMode_Privileged
                0x0008d3c0                FlexCAN_Ip_SetStopMode_Privileged
                0x0008d3f0                FlexCAN_Ip_SetRxMaskType_Privileged
                0x0008d45c                FlexCAN_Ip_SetBitrate_Privileged
                0x0008d4d8                FlexCAN_Ip_GetBitrate
                0x0008d554                FlexCAN_Ip_ClearTDCFail
                0x0008d588                FlexCAN_Ip_GetTDCFail
                0x0008d5ac                FlexCAN_Ip_GetTDCValue
                0x0008d5d0                FlexCAN_Ip_SetBitrateCbt_Privileged
                0x0008d684                FlexCAN_Ip_GetBitrateFD
                0x0008d6e0                FlexCAN_Ip_SetTDCOffset_Privileged
                0x0008d76c                FlexCAN_Ip_SetTxArbitrationStartDelay_Privileged
                0x0008d7d8                FlexCAN_Ip_GetBuffStatusFlag
                0x0008d800                FlexCAN_Ip_ClearBuffStatusFlag
                0x0008d824                FlexCAN_Ip_EnableInterrupts_Privileged
                0x0008d864                FlexCAN_Ip_DisableInterrupts_Privileged
                0x0008d8a0                FlexCAN_Ip_SetErrorInt_Privileged
                0x0008d93c                FlexCAN_Ip_AbortTransfer
                0x0008da98                FlexCAN_Ip_SetRxMb14Mask_Privileged
                0x0008daf0                FlexCAN_Ip_SetRxMb15Mask_Privileged
                0x0008db48                FlexCAN_Ip_SetListenOnlyMode_Privileged
                0x0008dbb8                FlexCAN_Ip_GetListenOnlyMode
                0x0008dbcc                FlexCAN_Ip_ManualBusOffRecovery
 .mcal_text     0x0008dc44      0xa0c ./RTD/src/FlexCAN_Ip_HwAccess.o
                0x0008dc44                FlexCAN_GetMaxMbNum
                0x0008dc68                FlexCAN_EnterFreezeMode
                0x0008dcc8                FlexCAN_Enable
                0x0008dd12                FlexCAN_ExitFreezeMode
                0x0008dd64                FlexCAN_Disable
                0x0008ddb4                FlexCAN_SetErrIntCmd
                0x0008de1c                FlexCAN_EnableRxFifo
                0x0008de6a                FlexCAN_IsFDAvailable
                0x0008de8c                FlexCAN_Init
                0x0008df40                FlexCAN_GetMsgBuffRegion
                0x0008df86                FlexCAN_SetPayloadSize
                0x0008dfb6                FlexCAN_GetMbPayloadSize
                0x0008dfd0                FlexCAN_LockRxMsgBuff
                0x0008dfda                FlexCAN_SetMsgBuffIntCmd
                0x0008e030                FLEXCAN_ClearMsgBuffIntCmd
                0x0008e06c                FlexCAN_DisableInterrupts
                0x0008e072                FlexCAN_EnableInterrupts
                0x0008e080                FlexCAN_SetRxMsgBuff
                0x0008e104                FlexCAN_GetMsgBuffTimestamp
                0x0008e110                FlexCAN_GetMsgBuff
                0x0008e1a8                FlexCAN_SetTxMsgBuff
                0x0008e2c0                FlexCAN_SetMaxMsgBuffNum
                0x0008e352                FlexCAN_SetOperationMode
                0x0008e390                FlexCAN_SetRxFifoFilter
                0x0008e53c                FlexCAN_ReadRxFifo
                0x0008e5a4                FlexCAN_IsMbOutOfRange
                0x0008e5c6                FlexCAN_ConfigCtrlOptions
                0x0008e642                FlexCAN_ResetImaskBuff
 .mcal_text     0x0008e650       0xc0 ./RTD/src/FlexCAN_Ip_Irq.o
                0x0008e650                CAN0_ORED_IRQHandler
                0x0008e65e                CAN0_Error_IRQHandler
                0x0008e66c                CAN0_ORED_0_15_MB_IRQHandler
                0x0008e67e                CAN0_ORED_16_31_MB_IRQHandler
                0x0008e690                CAN1_ORED_IRQHandler
                0x0008e69e                CAN1_Error_IRQHandler
                0x0008e6ac                CAN1_ORED_0_15_MB_IRQHandler
                0x0008e6be                CAN1_ORED_16_31_MB_IRQHandler
                0x0008e6d0                CAN2_ORED_IRQHandler
                0x0008e6de                CAN2_Error_IRQHandler
                0x0008e6ec                CAN2_ORED_0_15_MB_IRQHandler
                0x0008e6fe                CAN2_ORED_16_31_MB_IRQHandler
 .mcal_text     0x0008e710       0x4c ./RTD/src/Flexio_Mcl_Ip.o
                0x0008e710                Flexio_Mcl_Ip_InitDevice
                0x0008e740                Flexio_Mcl_Ip_DeinitDevice
 .mcal_text     0x0008e75c      0x164 ./RTD/src/Flexio_Mcl_Ip_HwAccess.o
                0x0008e75c                Flexio_Mcl_Ip_SetSoftwareReset
                0x0008e780                Flexio_Mcl_Ip_SetDebugEnable
                0x0008e7a6                Flexio_Mcl_Ip_SetEnable
                0x0008e7c2                Flexio_Mcl_Ip_GetShifterStatus
                0x0008e7ce                Flexio_Mcl_Ip_GetAllShifterStatus
                0x0008e7d2                Flexio_Mcl_Ip_ClearShifterStatus
                0x0008e7dc                Flexio_Mcl_Ip_GetShifterErrorStatus
                0x0008e7e8                Flexio_Mcl_Ip_GetAllShifterErrorStatus
                0x0008e7ec                Flexio_Mcl_Ip_ClearShifterErrorStatus
                0x0008e7f6                Flexio_Mcl_Ip_GetTimerStatus
                0x0008e802                Flexio_Mcl_Ip_GetTimerInterruptEnable
                0x0008e80e                Flexio_Mcl_Ip_GetAllTimerStatus
                0x0008e812                Flexio_Mcl_Ip_ClearTimerStatus
                0x0008e81c                Flexio_Mcl_Ip_GetAllShifterInterrupt
                0x0008e820                Flexio_Mcl_Ip_GetAllShifterErrorInterrupt
                0x0008e824                Flexio_Mcl_Ip_SetShifterErrorInterrupt
                0x0008e846                Flexio_Mcl_Ip_SetShifterInterrupt
                0x0008e868                Flexio_Mcl_Ip_SetShifterDMARequest
                0x0008e88a                Flexio_Mcl_Ip_GetAllTimerInterrupt
                0x0008e88e                Flexio_Mcl_Ip_SetTimerInterrupt
                0x0008e8b0                Flexio_Mcl_Ip_Init
 .mcal_text     0x0008e8c0       0x30 ./RTD/src/Flexio_Mcl_Ip_Irq.o
                0x0008e8c0                MCL_FLEXIO_ISR
 .mcal_text     0x0008e8f0       0x30 ./RTD/src/Flexio_Pwm_Ip_Irq.o
                0x0008e8f0                Flexio_Pwm_Ip_IrqHandler
 .mcal_text     0x0008e920      0x970 ./RTD/src/Fls.o
                0x0008ec94                Fls_Init
                0x0008edd8                Fls_Erase
                0x0008eec4                Fls_Write
                0x0008efc4                Fls_GetStatus
                0x0008efe0                Fls_GetJobResult
                0x0008f004                Fls_Read
                0x0008f09c                Fls_Compare
                0x0008f134                Fls_MainFunction
 .mcal_text     0x0008f290      0x308 ./RTD/src/Fls_IPW.o
                0x0008f290                Fls_IPW_Init
                0x0008f2c8                Fls_IPW_AbortSuspended
                0x0008f2ca                Fls_IPW_ClearHVJob
                0x0008f2cc                Fls_IPW_LLDMainFunction
                0x0008f3c8                Fls_IPW_SectorRead
                0x0008f410                Fls_IPW_SectorErase
                0x0008f4cc                Fls_IPW_SectorWrite
                0x0008f58c                Fls_IPW_GetBlockNumberFromAddress
 .mcal_text     0x0008f598      0x7c4 ./RTD/src/Ftfc_Fls_Ip.o
                0x0008f80c                Ftfc_Fls_Ip_Init
                0x0008f858                Ftfc_Fls_Ip_Abort
                0x0008f870                Ftfc_Fls_Ip_SectorErase
                0x0008f968                Ftfc_Fls_Ip_GetBlockNumberFromAddress
                0x0008f996                Ftfc_Fls_Ip_SetAsyncMode
                0x0008f9a0                Ftfc_Fls_Ip_Read
                0x0008fa64                Ftfc_Fls_Ip_Compare
                0x0008fb80                Ftfc_Fls_Ip_SectorEraseStatus
                0x0008fbc0                Ftfc_Fls_Ip_Write
                0x0008fd10                Ftfc_Fls_Ip_WriteStatus
 .mcal_text     0x0008fd5c      0x400 ./RTD/src/Ftm_Icu_Ip.o
                0x0008fd5c                Ftm_Icu_Ip_SetActivationCondition
                0x0008fda8                Ftm_Icu_Ip_Init
                0x0008ff8c                Ftm_Icu_Ip_EnableEdgeDetection
                0x0008ffec                Ftm_Icu_Ip_DisableEdgeDetection
                0x00090014                Ftm_Icu_Ip_EnableInterrupt
                0x00090034                Ftm_Icu_Ip_DisableInterrupt
                0x0009004c                Ftm_Icu_Ip_ResetEdgeCount
                0x00090068                Ftm_Icu_Ip_EnableEdgeCount
                0x000900d4                Ftm_Icu_Ip_DisableEdgeCount
[...]
 .ARM.attributes
                0x000001a0       0x34 ./Modules/ACTivity_Management/ACT.o
 .ARM.attributes
                0x000001d4       0x34 ./Modules/ACTivity_Management/ACTupdat.o
 .ARM.attributes
                0x00000208       0x34 ./Modules/CNV/CNV.o
 .ARM.attributes
                0x0000023c       0x34 ./Modules/COM_Management/COM.o
 .ARM.attributes
                0x00000270       0x34 ./Modules/COM_Management/COMrx.o
 .ARM.attributes
                0x000002a4       0x34 ./Modules/COM_Management/COMtx.o
 .ARM.attributes
                0x000002d8       0x34 ./Modules/CTB/CTB.o
 .ARM.attributes
                0x0000030c       0x34 ./Modules/CTB/CTBCbit.o
 .ARM.attributes
                0x00000340       0x34 ./Modules/CTB/CTBPbit.o
 .ARM.attributes
                0x00000374       0x34 ./Modules/CTB/CTBio.o
 .ARM.attributes
                0x000003a8       0x34 ./Modules/DBG/DBG.o
 .ARM.attributes
                0x000003dc       0x34 ./Modules/FSM/FSM.o
 .ARM.attributes
                0x00000410       0x34 ./Modules/FSM/FSMupdat.o
 .ARM.attributes
                0x00000444       0x34 ./Modules/MPM/MPM.o
 .ARM.attributes
                0x00000478       0x34 ./Modules/PARameters_Management/PAR.o
 .ARM.attributes
                0x000004ac       0x34 ./Modules/PARameters_Management/PARcheck.o
 .ARM.attributes
                0x000004e0       0x39 ./Modules/PARameters_Management/PARconfig.o
 .ARM.attributes
                0x00000519       0x34 ./Modules/PARameters_Management/PARupdat.o
 .ARM.attributes
                0x0000054d       0x34 ./Modules/PWB/PWB.o
 .ARM.attributes
                0x00000581       0x34 ./Modules/PWB/PWBCbit.o
 .ARM.attributes
                0x000005b5       0x34 ./Modules/PWB/PWBPbit.o
 .ARM.attributes
                0x000005e9       0x34 ./Modules/PWB/PWBio.o
 .ARM.attributes
                0x0000061d       0x20 ./Project_Settings/Startup_Code/Vector_Table.o
 .ARM.attributes
                0x0000063d       0x34 ./Project_Settings/Startup_Code/exceptions.o
 .ARM.attributes
                0x00000671       0x34 ./Project_Settings/Startup_Code/nvic.o
 .ARM.attributes
                0x000006a5       0x34 ./Project_Settings/Startup_Code/startup.o
 .ARM.attributes
                0x000006d9       0x1f ./Project_Settings/Startup_Code/startup_cm4.o
 .ARM.attributes
                0x000006f8       0x34 ./Project_Settings/Startup_Code/system.o
 .ARM.attributes
                0x0000072c       0x34 ./RTD/src/CDD_Crc.o
 .ARM.attributes
                0x00000760       0x34 ./RTD/src/CDD_Mcl.o
 .ARM.attributes
                0x00000794       0x39 ./RTD/src/CDD_Mcl_Ipw.o
 .ARM.attributes
                0x000007cd       0x34 ./RTD/src/CDD_Rm.o
 .ARM.attributes
                0x00000801       0x34 ./RTD/src/CDD_Rm_Ipw.o
 .ARM.attributes
                0x00000835       0x34 ./RTD/src/Can.o
 .ARM.attributes
                0x00000869       0x34 ./RTD/src/Can_Ipw.o
 .ARM.attributes
                0x0000089d       0x34 ./RTD/src/Can_Irq.o
 .ARM.attributes
                0x000008d1       0x34 ./RTD/src/Clock_Ip.o
 .ARM.attributes
                0x00000905       0x39 ./RTD/src/Clock_Ip_Data.o
 .ARM.attributes
                0x0000093e       0x34 ./RTD/src/Clock_Ip_Divider.o
 .ARM.attributes
                0x00000972       0x34 ./RTD/src/Clock_Ip_DividerTrigger.o
 .ARM.attributes
                0x000009a6       0x34 ./RTD/src/Clock_Ip_ExtOsc.o
 .ARM.attributes
                0x000009da       0x34 ./RTD/src/Clock_Ip_FracDiv.o
 .ARM.attributes
                0x00000a0e       0x34 ./RTD/src/Clock_Ip_Frequency.o
 .ARM.attributes
                0x00000a42       0x34 ./RTD/src/Clock_Ip_Gate.o
 .ARM.attributes
                0x00000a76       0x34 ./RTD/src/Clock_Ip_IntOsc.o
 .ARM.attributes
                0x00000aaa       0x39 ./RTD/src/Clock_Ip_Irq.o
 .ARM.attributes
                0x00000ae3       0x34 ./RTD/src/Clock_Ip_Monitor.o
 .ARM.attributes
                0x00000b17       0x34 ./RTD/src/Clock_Ip_Pll.o
 .ARM.attributes
                0x00000b4b       0x34 ./RTD/src/Clock_Ip_ProgFreqSwitch.o
 .ARM.attributes
                0x00000b7f       0x34 ./RTD/src/Clock_Ip_Selector.o
 .ARM.attributes
                0x00000bb3       0x34 ./RTD/src/Clock_Ip_Specific.o
 .ARM.attributes
                0x00000be7       0x34 ./RTD/src/Cmp_Ip.o
 .ARM.attributes
                0x00000c1b       0x34 ./RTD/src/Crc_Ip.o
 .ARM.attributes
                0x00000c4f       0x34 ./RTD/src/Crc_Ip_Hardware.o
 .ARM.attributes
                0x00000c83       0x34 ./RTD/src/Crc_Ip_Lookup_Tables.o
 .ARM.attributes
                0x00000cb7       0x34 ./RTD/src/Crc_Ip_Software.o
 .ARM.attributes
                0x00000ceb       0x34 ./RTD/src/CryIf.o
 .ARM.attributes
                0x00000d1f       0x34 ./RTD/src/Crypto.o
 .ARM.attributes
                0x00000d53       0x34 ./RTD/src/Crypto_ASRExtension.o
 .ARM.attributes
                0x00000d87       0x34 ./RTD/src/Crypto_Ipw.o
 .ARM.attributes
                0x00000dbb       0x39 ./RTD/src/Crypto_KeyManagement.o
 .ARM.attributes
                0x00000df4       0x34 ./RTD/src/Crypto_Util.o
 .ARM.attributes
                0x00000e28       0x34 ./RTD/src/Csec_Ip.o
 .ARM.attributes
                0x00000e5c       0x34 ./RTD/src/Csec_Ip_Irq.o
 .ARM.attributes
                0x00000e90       0x34 ./RTD/src/Det.o
 .ARM.attributes
                0x00000ec4       0x34 ./RTD/src/Det_stub.o
 .ARM.attributes
                0x00000ef8       0x34 ./RTD/src/Dio.o
 .ARM.attributes
                0x00000f2c       0x34 ./RTD/src/Dio_Ipw.o
 .ARM.attributes
                0x00000f60       0x34 ./RTD/src/Dma_Ip.o
 .ARM.attributes
                0x00000f94       0x34 ./RTD/src/Dma_Ip_Driver_State.o
 .ARM.attributes
                0x00000fc8       0x34 ./RTD/src/Dma_Ip_Hw_Access.o
 .ARM.attributes
                0x00000ffc       0x34 ./RTD/src/Dma_Ip_Irq.o
 .ARM.attributes
                0x00001030       0x39 ./RTD/src/Dma_Ip_Multicore.o
 .ARM.attributes
                0x00001069       0x34 ./RTD/src/EcuM.o
 .ARM.attributes
                0x0000109d       0x34 ./RTD/src/FlexCAN_Ip.o
 .ARM.attributes
                0x000010d1       0x34 ./RTD/src/FlexCAN_Ip_HwAccess.o
 .ARM.attributes
                0x00001105       0x34 ./RTD/src/FlexCAN_Ip_Irq.o
 .ARM.attributes
                0x00001139       0x34 ./RTD/src/Flexio_Mcl_Ip.o
 .ARM.attributes
                0x0000116d       0x34 ./RTD/src/Flexio_Mcl_Ip_HwAccess.o
 .ARM.attributes
                0x000011a1       0x34 ./RTD/src/Flexio_Mcl_Ip_Irq.o
 .ARM.attributes
                0x000011d5       0x34 ./RTD/src/Flexio_Pwm_Ip.o
 .ARM.attributes
                0x00001209       0x34 ./RTD/src/Flexio_Pwm_Ip_Irq.o
 .ARM.attributes
                0x0000123d       0x39 ./RTD/src/Flexio_Spi_Ip.o
 .ARM.attributes
                0x00001276       0x39 ./RTD/src/Flexio_Spi_Ip_Irq.o
 .ARM.attributes
                0x000012af       0x34 ./RTD/src/Fls.o
 .ARM.attributes
                0x000012e3       0x34 ./RTD/src/Fls_IPW.o
 .ARM.attributes
                0x00001317       0x34 ./RTD/src/Ftfc_Fls_Ip.o
 .ARM.attributes
                0x0000134b       0x34 ./RTD/src/Ftfc_Fls_Ip_Ac.o
 .ARM.attributes
                0x0000137f       0x39 ./RTD/src/Ftm_Gpt_Ip.o
 .ARM.attributes
                0x000013b8       0x34 ./RTD/src/Ftm_Icu_Ip.o
 .ARM.attributes
                0x000013ec       0x39 ./RTD/src/Ftm_Icu_Ip_Irq.o
 .ARM.attributes
                0x00001425       0x39 ./RTD/src/Ftm_Mcl_Ip.o
 .ARM.attributes
                0x0000145e       0x34 ./RTD/src/Ftm_Pwm_Ip.o
 .ARM.attributes
                0x00001492       0x39 ./RTD/src/Ftm_Pwm_Ip_Irq.o
 .ARM.attributes
                0x000014cb       0x34 ./RTD/src/Gpio_Dio_Ip.o
 .ARM.attributes
                0x000014ff       0x34 ./RTD/src/Gpt.o
 .ARM.attributes
                0x00001533       0x34 ./RTD/src/Gpt_Ipw.o
 .ARM.attributes
                0x00001567       0x34 ./RTD/src/Icu.o
 .ARM.attributes
                0x0000159b       0x34 ./RTD/src/Icu_Ipw.o
 .ARM.attributes
                0x000015cf       0x34 ./RTD/src/IntCtrl_Ip.o
 .ARM.attributes
                0x00001603       0x34 ./RTD/src/LPit_Gpt_Ip.o
 .ARM.attributes
                0x00001637       0x34 ./RTD/src/Lpit_Icu_Ip.o
 .ARM.attributes
                0x0000166b       0x39 ./RTD/src/Lpit_Icu_Ip_Irq.o
 .ARM.attributes
                0x000016a4       0x34 ./RTD/src/Lpspi_Ip.o
 .ARM.attributes
                0x000016d8       0x34 ./RTD/src/Lpspi_Ip_Irq.o
 .ARM.attributes
                0x0000170c       0x39 ./RTD/src/Lptmr_Gpt_Ip.o
 .ARM.attributes
                0x00001745       0x34 ./RTD/src/Lptmr_Icu_Ip.o
 .ARM.attributes
                0x00001779       0x39 ./RTD/src/Lptmr_Icu_Ip_Irq.o
 .ARM.attributes
                0x000017b2       0x34 ./RTD/src/Mcu.o
 .ARM.attributes
                0x000017e6       0x39 ./RTD/src/Mcu_Dem_Wrapper.o
 .ARM.attributes
                0x0000181f       0x34 ./RTD/src/Mcu_Ipw.o
 .ARM.attributes
                0x00001853       0x39 ./RTD/src/Mcu_Ipw_Irq.o
 .ARM.attributes
                0x0000188c       0x34 ./RTD/src/Mpu_Ip.o
 .ARM.attributes
                0x000018c0       0x39 ./RTD/src/OsIf_Interrupts.o
 .ARM.attributes
                0x000018f9       0x34 ./RTD/src/OsIf_Timer.o
 .ARM.attributes
                0x0000192d       0x39 ./RTD/src/OsIf_Timer_System.o
 .ARM.attributes
                0x00001966       0x34 ./RTD/src/OsIf_Timer_System_Internal_Systick.o
 .ARM.attributes
                0x0000199a       0x34 ./RTD/src/Os_counter_api.o
 .ARM.attributes
                0x000019ce       0x39 ./RTD/src/Os_multicore.o
 .ARM.attributes
                0x00001a07       0x34 ./RTD/src/Platform.o
 .ARM.attributes
                0x00001a3b       0x34 ./RTD/src/Platform_Ipw.o
 .ARM.attributes
                0x00001a6f       0x34 ./RTD/src/Port.o
 .ARM.attributes
                0x00001aa3       0x34 ./RTD/src/Port_Ci_Icu_Ip.o
 .ARM.attributes
                0x00001ad7       0x34 ./RTD/src/Port_Ci_Icu_Ip_Irq.o
 .ARM.attributes
                0x00001b0b       0x34 ./RTD/src/Port_Ci_Port_Ip.o
 .ARM.attributes
                0x00001b3f       0x34 ./RTD/src/Port_Ipw.o
 .ARM.attributes
                0x00001b73       0x34 ./RTD/src/Power_Ip.o
 .ARM.attributes
                0x00001ba7       0x34 ./RTD/src/Power_Ip_CortexM4.o
 .ARM.attributes
                0x00001bdb       0x34 ./RTD/src/Power_Ip_PMC.o
 .ARM.attributes
                0x00001c0f       0x39 ./RTD/src/Power_Ip_PMC_Irq.o
 .ARM.attributes
                0x00001c48       0x34 ./RTD/src/Power_Ip_Private.o
 .ARM.attributes
                0x00001c7c       0x34 ./RTD/src/Power_Ip_RCM.o
 .ARM.attributes
                0x00001cb0       0x39 ./RTD/src/Power_Ip_RCM_Irq.o
 .ARM.attributes
                0x00001ce9       0x39 ./RTD/src/Power_Ip_SIM.o
 .ARM.attributes
                0x00001d22       0x34 ./RTD/src/Power_Ip_SMC.o
 .ARM.attributes
                0x00001d56       0x34 ./RTD/src/Pwm.o
 .ARM.attributes
                0x00001d8a       0x34 ./RTD/src/Pwm_Ipw.o
 .ARM.attributes
                0x00001dbe       0x39 ./RTD/src/Pwm_Ipw_Notif.o
 .ARM.attributes
                0x00001df7       0x39 ./RTD/src/Qspi_Ip.o
 .ARM.attributes
                0x00001e30       0x39 ./RTD/src/Qspi_Ip_Controller.o
 .ARM.attributes
                0x00001e69       0x39 ./RTD/src/Qspi_Ip_Sfdp.o
 .ARM.attributes
                0x00001ea2       0x34 ./RTD/src/Ram_Ip.o
 .ARM.attributes
                0x00001ed6       0x39 ./RTD/src/SRtc_Ip.o
 .ARM.attributes
                0x00001f0f       0x34 ./RTD/src/SchM_Can.o
 .ARM.attributes
                0x00001f43       0x34 ./RTD/src/SchM_Crc.o
 .ARM.attributes
                0x00001f77       0x34 ./RTD/src/SchM_Crypto.o
 .ARM.attributes
                0x00001fab       0x34 ./RTD/src/SchM_Dio.o
 .ARM.attributes
                0x00001fdf       0x34 ./RTD/src/SchM_Fls.o
 .ARM.attributes
                0x00002013       0x34 ./RTD/src/SchM_Gpt.o
 .ARM.attributes
                0x00002047       0x34 ./RTD/src/SchM_Icu.o
 .ARM.attributes
                0x0000207b       0x34 ./RTD/src/SchM_Mcl.o
 .ARM.attributes
                0x000020af       0x34 ./RTD/src/SchM_Mcu.o
 .ARM.attributes
                0x000020e3       0x34 ./RTD/src/SchM_Port.o
 .ARM.attributes
                0x00002117       0x34 ./RTD/src/SchM_Pwm.o
 .ARM.attributes
                0x0000214b       0x34 ./RTD/src/SchM_Rm.o
 .ARM.attributes
                0x0000217f       0x34 ./RTD/src/SchM_Spi.o
 .ARM.attributes
                0x000021b3       0x34 ./RTD/src/SchM_Wdg.o
 .ARM.attributes
                0x000021e7       0x34 ./RTD/src/Spi.o
 .ARM.attributes
                0x0000221b       0x34 ./RTD/src/Spi_Ipw.o
 .ARM.attributes
                0x0000224f       0x34 ./RTD/src/System_Ip.o
 .ARM.attributes
                0x00002283       0x34 ./RTD/src/Trgmux_Ip.o
 .ARM.attributes
                0x000022b7       0x34 ./RTD/src/Trgmux_Ip_HwAcc.o
 .ARM.attributes
                0x000022eb       0x39 ./RTD/src/WdgIf.o
 .ARM.attributes
                0x00002324       0x34 ./RTD/src/Wdg_43_Instance0.o
 .ARM.attributes
                0x00002358       0x34 ./RTD/src/Wdg_Channel.o
 .ARM.attributes
                0x0000238c       0x34 ./RTD/src/Wdg_Ipw.o
 .ARM.attributes
                0x000023c0       0x39 ./RTD/src/Wdg_Ipw_Irq.o
 .ARM.attributes
                0x000023f9       0x34 ./RTD/src/Wdog_Ip.o
 .ARM.attributes
                0x0000242d       0x34 ./SCHeduler/SCH.o
 .ARM.attributes
                0x00002461       0x39 ./board/Port_Ci_Port_Ip_Cfg.o
 .ARM.attributes
                0x0000249a       0x39 ./generate/IntCtrl_Ip/IntCtrl_Ip_Cfg.o
 .ARM.attributes
                0x000024d3       0x39 ./generate/src/CDD_Mcl_Cfg.o
 .ARM.attributes
                0x0000250c       0x39 ./generate/src/CDD_Mcl_Init_PBcfg.o
 .ARM.attributes
                0x00002545       0x39 ./generate/src/CDD_Rm_Cfg.o
 .ARM.attributes
                0x0000257e       0x39 ./generate/src/CDD_Rm_Init_PBcfg.o
 .ARM.attributes
                0x000025b7       0x39 ./generate/src/CDD_Rm_Ipw_Init_PBcfg.o
 .ARM.attributes
                0x000025f0       0x39 ./generate/src/Can_Init_PBcfg.o
 .ARM.attributes
                0x00002629       0x39 ./generate/src/Can_Ipw_Init_PBcfg.o
 .ARM.attributes
                0x00002662       0x39 ./generate/src/Clock_Ip_Cfg.o
 .ARM.attributes
                0x0000269b       0x39 ./generate/src/Clock_Ip_Init_PBcfg.o
 .ARM.attributes
                0x000026d4       0x39 ./generate/src/Cmp_Ip_Init_PBcfg.o
 .ARM.attributes
                0x0000270d       0x39 ./generate/src/Crc_Cfg.o
 .ARM.attributes
                0x00002746       0x39 ./generate/src/Crc_Ip_Cfg.o
 .ARM.attributes
                0x0000277f       0x39 ./generate/src/Crypto_Cfg.o
 .ARM.attributes
                0x000027b8       0x39 ./generate/src/Dio_Cfg.o
 .ARM.attributes
                0x000027f1       0x39 ./generate/src/Dma_Ip_Cfg.o
 .ARM.attributes
                0x0000282a       0x39 ./generate/src/Dma_Ip_Init_PBcfg.o
 .ARM.attributes
                0x00002863       0x39 ./generate/src/FlexCAN_Ip_Init_PBcfg.o
 .ARM.attributes
                0x0000289c       0x39 ./generate/src/Flexio_Mcl_Ip_Init_PBcfg.o
 .ARM.attributes
                0x000028d5       0x39 ./generate/src/Flexio_Pwm_Ip_Init_PBcfg.o
 .ARM.attributes
                0x0000290e       0x39 ./generate/src/Flexio_Spi_Ip_Init_PBcfg.o
 .ARM.attributes
                0x00002947       0x39 ./generate/src/Fls_Cfg.o
 .ARM.attributes
                0x00002980       0x39 ./generate/src/Fls_Init_PBcfg.o
 .ARM.attributes
                0x000029b9       0x39 ./generate/src/Ftfc_Fls_Ip_Init_PBcfg.o
 .ARM.attributes
                0x000029f2       0x39 ./generate/src/Ftm_Gpt_Ip_Init_PBcfg.o
 .ARM.attributes
                0x00002a2b       0x39 ./generate/src/Ftm_Icu_Ip_Init_PBcfg.o
 .ARM.attributes
                0x00002a64       0x39 ./generate/src/Ftm_Pwm_Ip_Init_PBcfg.o
 .ARM.attributes
                0x00002a9d       0x39 ./generate/src/Gpt_Cfg.o
 .ARM.attributes
                0x00002ad6       0x39 ./generate/src/Gpt_Init_PBcfg.o
 .ARM.attributes
                0x00002b0f       0x39 ./generate/src/Gpt_Ipw_Init_PBcfg.o
 .ARM.attributes
                0x00002b48       0x39 ./generate/src/Icu_Cfg.o
 .ARM.attributes
                0x00002b81       0x39 ./generate/src/Icu_DmaNotification.o
 .ARM.attributes
                0x00002bba       0x39 ./generate/src/Icu_Init_PBcfg.o
 .ARM.attributes
                0x00002bf3       0x39 ./generate/src/Icu_Ipw_Init_PBcfg.o
 .ARM.attributes
                0x00002c2c       0x39 ./generate/src/LPit_Gpt_Ip_Init_PBcfg.o
 .ARM.attributes
                0x00002c65       0x39 ./generate/src/Lpit_Icu_Ip_Init_PBcfg.o
 .ARM.attributes
                0x00002c9e       0x39 ./generate/src/Lpspi_Ip_Init_PBcfg.o
 .ARM.attributes
                0x00002cd7       0x39 ./generate/src/Lptmr_Gpt_Ip_Init_PBcfg.o
 .ARM.attributes
                0x00002d10       0x39 ./generate/src/Lptmr_Icu_Ip_Init_PBcfg.o
 .ARM.attributes
                0x00002d49       0x39 ./generate/src/Mcu_Cfg.o
 .ARM.attributes
                0x00002d82       0x39 ./generate/src/Mcu_Init_PBcfg.o
 .ARM.attributes
                0x00002dbb       0x39 ./generate/src/Mpu_Ip_Init_PBcfg.o
 .ARM.attributes
                0x00002df4       0x39 ./generate/src/OsIf_Cfg.o
 .ARM.attributes
                0x00002e2d       0x39 ./generate/src/Platform_Cfg.o
 .ARM.attributes
                0x00002e66       0x39 ./generate/src/Platform_Ipw_Cfg.o
 .ARM.attributes
                0x00002e9f       0x39 ./generate/src/Port_Cfg.o
 .ARM.attributes
                0x00002ed8       0x39 ./generate/src/Port_Ci_Icu_Ip_Init_PBcfg.o
 .ARM.attributes
                0x00002f11       0x39 ./generate/src/Port_Ci_Port_Ip_Init_PBcfg.o
 .ARM.attributes
                0x00002f4a       0x39 ./generate/src/Port_Init_PBcfg.o
 .ARM.attributes
                0x00002f83       0x39 ./generate/src/Power_Ip_Cfg.o
 .ARM.attributes
                0x00002fbc       0x39 ./generate/src/Power_Ip_Init_PBcfg.o
 .ARM.attributes
                0x00002ff5       0x39 ./generate/src/Pwm_Init_PBcfg.o
 .ARM.attributes
                0x0000302e       0x39 ./generate/src/Qspi_Ip_Init_PBcfg.o
 .ARM.attributes
                0x00003067       0x39 ./generate/src/Ram_Ip_Cfg.o
 .ARM.attributes
                0x000030a0       0x39 ./generate/src/Ram_Ip_Init_PBcfg.o
 .ARM.attributes
                0x000030d9       0x39 ./generate/src/SRtc_Ip_Init_PBcfg.o
 .ARM.attributes
                0x00003112       0x39 ./generate/src/Spi_Init_PBcfg.o
 .ARM.attributes
                0x0000314b       0x39 ./generate/src/Spi_Ipw_Init_PBcfg.o
 .ARM.attributes
                0x00003184       0x39 ./generate/src/Trgmux_Ip_Cfg.o
 .ARM.attributes
                0x000031bd       0x39 ./generate/src/Trgmux_Ip_Init_PBcfg.o
 .ARM.attributes
                0x000031f6       0x39 ./generate/src/Wdg_43_Instance0_Cfg.o
 .ARM.attributes
                0x0000322f       0x39 ./generate/src/Wdg_43_Instance0_Init_PBcfg.o
 .ARM.attributes
                0x00003268       0x39 ./generate/src/Wdg_43_Instance0_Ipw_Init_PBcfg.o
 .ARM.attributes
                0x000032a1       0x39 ./generate/src/Wdg_CfgExt.o
 .ARM.attributes
                0x000032da       0x39 ./generate/src/Wdog_Ip_Init_PBcfg.o
 .ARM.attributes
                0x00003313       0x34 ./src/main.o
 .ARM.attributes
                0x00003347       0x34 C:/NXP/S32DS.3.4/S32DS/build_tools/gcc_v9.2/gcc-9.2-arm32-eabi/arm-none-eabi/newlib/lib/thumb/v7e-m+fp/hard\libc_nano.a(lib_a-memcpy-stub.o)

.debug_frame    0x00000000       0x28
 .debug_frame   0x00000000       0x28 C:/NXP/S32DS.3.4/S32DS/build_tools/gcc_v9.2/gcc-9.2-arm32-eabi/arm-none-eabi/newlib/lib/thumb/v7e-m+fp/hard\libc_nano.a(lib_a-memcpy-stub.o)
