ACTupdat.c:78:6:ACT_UpdateFaults	8	static
ACTupdat.c:107:13:act_UpdateMasks	16	static
ACTupdat.c:137:13:act_CheckCanLossErrors	0	static
ACTupdat.c:154:13:act_CheckAddressChanged	0	static
ACTupdat.c:186:13:act_CheckTemperture	48	static
ACTupdat.c:247:25:act_evaluateTempSeverity	24	static
ACTupdat.c:297:13:act_CheckRelayNokError	0	static
ACTupdat.c:356:13:act_CheckVoltageMeas	0	static
ACTupdat.c:418:13:act_CheckOverCurrent	8	static
ACTupdat.c:452:13:act_CheckDiscreteIOErrors	0	static
ACTupdat.c:480:13:act_CheckPrechargeError	0	static
ACTupdat.c:486:13:act_CheckParamError	0	static
ACTupdat.c:502:13:act_CheckUnkownCometiUnit	0	static
ACTupdat.c:512:13:act_CheckRelayCmd	0	static
ACTupdat.c:544:13:act_CheckOverVolt	8	static
ACTupdat.c:580:13:act_CheckAutoCnvEnd	0	static
ACTupdat.c:588:13:act_CheckRegulationRequestNok	0	static
ACTupdat.c:597:13:act_CheckMaintCondition	0	static
ACTupdat.c:605:13:act_CheckUnavailableCOMETi	0	static
ACTupdat.c:615:13:act_CheckWarnings	16	static
ACTupdat.c:641:13:act_CheckPowerCoreError	8	static
ACTupdat.c:679:13:act_CheckErrors	8	static
ACTupdat.c:702:13:act_UpdateFaultOrigin	0	static
ACTupdat.c:726:13:act_UpdateFaultSeverity	0	static
