Crc_Ip_Lib.h:147:21:Crc_Ip_LibBitSwap8U	8	static
Crc_Ip_Lib.h:159:22:Crc_Ip_LibBitSwap16U	24	static
Crc_Ip_Lib.h:174:22:Crc_Ip_LibBitSwap32U	48	static
Crc_Ip_Lib.h:193:22:Crc_Ip_LibBitSwap64U	192	static
Crc_Ip_Lib.h:220:22:Crc_Ip_LibByteSwap64U	128	static
Crc_Ip_Lib.h:235:22:Crc_Ip_LibByteSwap32U	8	static
Crc_Ip_Lib.h:248:22:Crc_Ip_LibByteSwap16U	16	static
Crc_Ip_Lib.h:261:22:Crc_Ip_LibTranspose	32	static
Crc_Ip_Devassert.h:110:24:Crc_Ip_DevAssert	8	static
Crc_Ip_Software.c:211:14:Crc_Ip_SwCalculateCRC8	48	static
Crc_Ip_Software.c:267:15:Crc_Ip_SwCalculateCRC16	48	static
Crc_Ip_Software.c:324:15:Crc_Ip_SwCalculateCRC32	48	static
Crc_Ip_Software.c:379:15:Crc_Ip_SwCalculateCRC64	96	static
Crc_Ip_Software.c:436:8:Crc_Ip_SwCalculate	40	static
