Crc_Ip_Devassert.h:110:24:Crc_Ip_DevAssert	8	static
Crc_Ip_Lib.h:147:21:Crc_Ip_LibBitSwap8U	8	static
Crc_Ip_Lib.h:159:22:Crc_Ip_LibBitSwap16U	24	static
Crc_Ip_Lib.h:174:22:Crc_Ip_LibBitSwap32U	48	static
Crc_Ip_Lib.h:193:22:Crc_Ip_LibBitSwap64U	192	static
Crc_Ip_Lib.h:220:22:Crc_Ip_LibByteSwap64U	128	static
Crc_Ip_Lib.h:235:22:Crc_Ip_LibByteSwap32U	8	static
Crc_Ip_Lib.h:248:22:Crc_Ip_LibByteSwap16U	16	static
Crc_Ip_Lib.h:261:22:Crc_Ip_LibTranspose	32	static
Crc_Ip.c:278:13:Static_Crc_Ip_SetChannelCustomProtocol	16	static
Crc_Ip.c:293:13:Static_Crc_Ip_SetChannelProtocol_8BitCustom	16	static
Crc_Ip.c:301:13:Static_Crc_Ip_SetChannelProtocol_16BitCustom	16	static
Crc_Ip.c:309:13:Static_Crc_Ip_SetChannelProtocol_32BitCustom	16	static
Crc_Ip.c:317:13:Static_Crc_Ip_SetChannelProtocol_64BitCustom	16	static
Crc_Ip.c:325:13:Static_Crc_Ip_SetChannelProtocol_8BitSaeJ1850Autosar	8	static
Crc_Ip.c:358:13:Static_Crc_Ip_SetChannelProtocol_8BitH2fAutosar	8	static
Crc_Ip.c:391:13:Static_Crc_Ip_SetChannelProtocol_16BitCcittFalseAutosar	8	static
Crc_Ip.c:430:13:Static_Crc_Ip_SetChannelProtocol_16BitArcAutosar	8	static
Crc_Ip.c:444:13:Static_Crc_Ip_SetChannelProtocol_32BitEthernetAutosar	8	static
Crc_Ip.c:483:13:Static_Crc_Ip_SetChannelProtocol_32BitE2eP4Autosar	8	static
Crc_Ip.c:497:13:Static_Crc_Ip_SetChannelProtocol_64BitAutosar	8	static
Crc_Ip.c:512:13:Static_Crc_Ip_SetChannelProtocol_Invalid	16	static
Crc_Ip.c:522:13:Static_Crc_Ip_SetChannelState	16	static
Crc_Ip.c:559:13:Static_Crc_Ip_ValidateProtocol	24	static
Crc_Ip.c:641:6:Crc_Ip_Init	24	static
Crc_Ip.c:669:6:Crc_Ip_SetChannelConfig	24	static
Crc_Ip.c:696:8:Crc_Ip_SetChannelCalculate	64	static
Crc_Ip.c:775:8:Crc_Ip_GetChannelResult	24	static
