Crypto.c:713:42:Crypto_GetJobErrorForInputPtr	24	static
Crypto.c:773:42:Crypto_GetJobErrorForSecondaryInputPtr	24	static
Crypto.c:834:42:Crypto_GetJobErrorForTertiaryInputPtr	24	static
Crypto.c:894:42:Crypto_GetJobErrorForOutputPtr	24	static
Crypto.c:961:42:Crypto_GetJobErrorForSecondaryOutputPtr	24	static
Crypto.c:1027:42:Crypto_GetJobErrorForVerifyPtr	24	static
Crypto.c:1065:42:Crypto_GetJobErrorForService	32	static
Crypto.c:1152:42:Crypto_GetJobErrorForOutAndVerifyPtrs	32	static
Crypto.c:1227:42:Crypto_GetProcessJobError	32	static
Crypto.c:2234:30:Crypto_CheckForErrorsInProcessJob	32	static
Crypto.c:2538:6:Crypto_Init	24	static
Crypto.c:2624:16:Crypto_ProcessJob	32	static
Crypto.c:2681:16:Crypto_CancelJob	32	static
Crypto.c:2724:16:Crypto_KeyElementSet	24	static
Crypto.c:2831:16:Crypto_KeySetValid	16	static
Crypto.c:2868:16:Crypto_KeyElementGet	24	static
Crypto.c:2993:16:Crypto_KeyElementCopy	24	static
Crypto.c:3120:16:Crypto_KeyElementCopyPartial	24	static
Crypto.c:3218:16:Crypto_KeyCopy	16	static
Crypto.c:3287:16:Crypto_KeyElementIdsGet	24	static
Crypto.c:3349:16:Crypto_RandomSeed	24	static
Crypto.c:3411:16:Crypto_KeyGenerate	16	static
Crypto.c:3458:16:Crypto_KeyDerive	16	static
Crypto.c:3509:16:Crypto_KeyExchangeCalcPubVal	24	static
Crypto.c:3574:16:Crypto_KeyExchangeCalcSecret	24	static
Crypto.c:3634:16:Crypto_CertificateParse	16	static
Crypto.c:3679:16:Crypto_CertificateVerify	24	static
Crypto.c:3749:6:Crypto_MainFunction	16	static
Crypto.c:3812:13:Crypto_ReportErrorToDet	16	static
