Dma_Ip.c:294:8:Dma_Ip_ConvertLogicChToHwCh	16	static
Dma_Ip.c:307:26:Static_Dma_Ip_SetLogicChannelGlobalConfig	128	static
Dma_Ip.c:380:26:Static_Dma_Ip_SetLogicChannelTransferConfig	240	static
Dma_Ip.c:487:19:Dma_Ip_Init	40	static
Dma_Ip.c:587:19:Dma_Ip_Deinit	16	static
Dma_Ip.c:642:19:Dma_Ip_SetLogicInstanceCommand	24	static
Dma_Ip.c:679:19:Dma_Ip_GetLogicInstanceStatus	24	static
Dma_Ip.c:719:19:Dma_Ip_LogicChannelInit	48	static
Dma_Ip.c:829:19:Dma_Ip_LogicChannelDeinit	40	static
Dma_Ip.c:900:19:Dma_Ip_SetLogicChannelCommand	32	static
Dma_Ip.c:989:19:Dma_Ip_GetLogicChannelStatus	32	static
Dma_Ip.c:1056:19:Dma_Ip_SetLogicChannelGlobalList	56	static
Dma_Ip.c:1111:13:Static_Dma_Ip_SetLogicChannelGlobalList	40	static
Dma_Ip.c:1161:19:Dma_Ip_SetLogicChannelTransferList	56	static
Dma_Ip.c:1240:13:Static_Dma_Ip_SetLogicChannelTransferList	40	static
Dma_Ip.c:1288:19:Dma_Ip_SetLogicChannelScatterGatherList	56	static
Dma_Ip.c:1352:13:Static_Dma_Ip_SetLogicChannelScatterGatherList	40	static
Dma_Ip.c:1403:19:Dma_Ip_GetLogicChannelParam	56	static
Dma_Ip.c:1460:19:Dma_Ip_SetLogicChannelScatterGatherConfig	48	static
Dma_Ip.c:1552:13:Static_Dma_Ip_ResetConfig	16	static
Dma_Ip.c:1559:26:Static_Dma_Ip_SetLogicChannelScatterGatherInit	56	static
Dma_Ip.c:1665:6:Dma_Ip_IntIrqHandler	32	static
Dma_Ip.c:1680:6:Dma_Ip_ErrorIrqHandler	32	static
Dma_Ip.c:1709:13:Static_Dma_Ip_GetLogicChannelError	32	static
