Dma_Ip_Hwv2_AccessInline.h:143:20:hwv2AccInlineDmaInst_SetConfig	16	static
Dma_Ip_Hwv2_AccessInline.h:158:20:hwv2AccInlineDmaInst_CmdCancelTransfer	16	static
Dma_Ip_Hwv2_AccessInline.h:165:20:hwv2AccInlineDmaInst_CmdCancelTransferWithError	16	static
Dma_Ip_Hwv2_AccessInline.h:172:20:hwv2AccInlineDmaInst_CmdHalt	16	static
Dma_Ip_Hwv2_AccessInline.h:179:20:hwv2AccInlineDmaInst_CmdResume	16	static
Dma_Ip_Hwv2_AccessInline.h:190:20:hwv2AccInlineDmaInst_GetErrorStatus	8	static
Dma_Ip_Hwv2_AccessInline.h:195:20:hwv2AccInlineDmaInst_GetActiveIdStatus	8	static
Dma_Ip_Hwv2_AccessInline.h:201:20:hwv2AccInlineDmaInst_GetActiveStatus	8	static
Dma_Ip_Hwv2_AccessInline.h:210:20:hwv2AccInlineDmaCh_CmdSetRequest	16	static
Dma_Ip_Hwv2_AccessInline.h:216:20:hwv2AccInlineDmaCh_CmdClearRequest	16	static
Dma_Ip_Hwv2_AccessInline.h:222:20:hwv2AccInlineDmaCh_CmdSwReqStart	16	static
Dma_Ip_Hwv2_AccessInline.h:228:20:hwv2AccInlineDmaCh_CmdClearDone	16	static
Dma_Ip_Hwv2_AccessInline.h:234:20:hwv2AccInlineDmaCh_CmdClearError	16	static
Dma_Ip_Hwv2_AccessInline.h:244:20:hwv2AccInlineDmaCh_GetErrorStatus	16	static
Dma_Ip_Hwv2_AccessInline.h:257:20:hwv2AccInlineDmaCh_GetActiveStatus	8	static
Dma_Ip_Hwv2_AccessInline.h:262:20:hwv2AccInlineDmaCh_GetDoneStatus	8	static
Dma_Ip_Hwv2_AccessInline.h:289:20:hwv2AccInlineDmaCh_SetRequest_SourceMux	16	static
Dma_Ip_Hwv2_AccessInline.h:295:20:hwv2AccInlineDmaCh_SetRequest_EnTriggerMux	16	static
Dma_Ip_Hwv2_AccessInline.h:301:20:hwv2AccInlineDmaCh_SetRequest_EnHwRequestMux	16	static
Dma_Ip_Hwv2_AccessInline.h:309:20:hwv2AccInlineDmaCh_SetRequest_EnHwRequest	24	static
Dma_Ip_Hwv2_AccessInline.h:315:20:hwv2AccInlineDmaCh_SetInterrupt_EnError	24	static
Dma_Ip_Hwv2_AccessInline.h:327:20:hwv2AccInlineDmaCh_SetPriority_Level	24	static
Dma_Ip_Hwv2_AccessInline.h:334:20:hwv2AccInlineDmaCh_SetPriority_EnPreemption	24	static
Dma_Ip_Hwv2_AccessInline.h:342:20:hwv2AccInlineDmaCh_SetPriority_DisPreempt	24	static
Dma_Ip_Hwv2_AccessInline.h:353:20:hwv2AccInlineDmaCh_SetSource_Address	16	static
Dma_Ip_Hwv2_AccessInline.h:359:20:hwv2AccInlineDmaCh_SetSource_SignedOffset	16	static
Dma_Ip_Hwv2_AccessInline.h:365:20:hwv2AccInlineDmaCh_SetSource_SignedLastAddrAdj	16	static
Dma_Ip_Hwv2_AccessInline.h:371:20:hwv2AccInlineDmaCh_SetSource_TransferSize	16	static
Dma_Ip_Hwv2_AccessInline.h:377:20:hwv2AccInlineDmaCh_SetSource_Modulo	16	static
Dma_Ip_Hwv2_AccessInline.h:383:20:hwv2AccInlineDmaCh_SetDestination_Address	16	static
Dma_Ip_Hwv2_AccessInline.h:389:20:hwv2AccInlineDmaCh_SetDestination_SignedOffset	16	static
Dma_Ip_Hwv2_AccessInline.h:395:20:hwv2AccInlineDmaCh_SetDestination_LastAddrAdj	16	static
Dma_Ip_Hwv2_AccessInline.h:401:20:hwv2AccInlineDmaCh_SetDestination_TransferSize	16	static
Dma_Ip_Hwv2_AccessInline.h:407:20:hwv2AccInlineDmaCh_SetDestination_Modulo	16	static
Dma_Ip_Hwv2_AccessInline.h:413:20:hwv2AccInlineDmaCh_SetMinorLoop_enSrcOffset	16	static
Dma_Ip_Hwv2_AccessInline.h:419:20:hwv2AccInlineDmaCh_SetMinorLoop_enDstOffset	16	static
Dma_Ip_Hwv2_AccessInline.h:425:20:hwv2AccInlineDmaCh_SetMinorLoop_SignedOffset	16	static
Dma_Ip_Hwv2_AccessInline.h:431:20:hwv2AccInlineDmaCh_SetMinorLoop_EnLink	16	static
Dma_Ip_Hwv2_AccessInline.h:439:20:hwv2AccInlineDmaCh_SetMinorLoop_LinkCh	16	static
Dma_Ip_Hwv2_AccessInline.h:447:20:hwv2AccInlineDmaCh_SetMinorLoop_Size	16	static
Dma_Ip_Hwv2_AccessInline.h:460:20:hwv2AccInlineDmaCh_SetMajorLoop_EnLink	16	static
Dma_Ip_Hwv2_AccessInline.h:466:20:hwv2AccInlineDmaCh_SetMajorLoop_LinkCh	16	static
Dma_Ip_Hwv2_AccessInline.h:472:20:hwv2AccInlineDmaCh_SetMajorLoop_Count	16	static
Dma_Ip_Hwv2_AccessInline.h:492:20:hwv2AccInlineDmaCh_SetControl_ScatterGatherAddress	16	static
Dma_Ip_Hwv2_AccessInline.h:506:20:hwv2AccInlineDmaCh_SetControl_EnStart	16	static
Dma_Ip_Hwv2_AccessInline.h:512:20:hwv2AccInlineDmaCh_SetControl_EnMajor	16	static
Dma_Ip_Hwv2_AccessInline.h:518:20:hwv2AccInlineDmaCh_SetControl_EnHalfMajor	16	static
Dma_Ip_Hwv2_AccessInline.h:524:20:hwv2AccInlineDmaCh_SetControl_DisAutoHwRequest	16	static
Dma_Ip_Hwv2_AccessInline.h:538:20:hwv2AccInlineDmaCh_SetControl_BandwidthControl	16	static
Dma_Ip_Hwv2_AccessInline.h:549:20:hwv2AccInlineDmaCh_GetSourceAddress	8	static
Dma_Ip_Hwv2_AccessInline.h:554:20:hwv2AccInlineDmaCh_GetDestinationAddress	8	static
Dma_Ip_Hwv2_AccessInline.h:559:20:hwv2AccInlineDmaCh_GetBeginIterCount	16	static
Dma_Ip_Hwv2_AccessInline.h:572:20:hwv2AccInlineDmaCh_GetCurrentIterCount	16	static
Dma_Ip_Hwv2_AccessInline.h:601:20:hwv2AccInlineDmaCh_GetIntMajor	8	static
Dma_Ip_Hwv2_AccessInline.h:606:20:hwv2AccInlineDmaCh_GetIntHalfMajor	8	static
Dma_Ip_Hwv2_AccessInline.h:617:20:hwv2AccInlineDmaCh_SetAuxiliary_EnScatterGatherProcessing	16	static
Dma_Ip_Hwv2_AccessInline.h:635:20:hwv2AccInlineDmaCh_SetControlAndStatus	16	static
Dma_Ip_Hwv2_AccessInline.h:650:20:hwv2AccInlineDmaCh_SetTransferAttributes	16	static
Dma_Ip_Hwv2_AccessInline.h:664:20:hwv2AccInlineDmaCh_SetSignedMinorLoopOffset	16	static
Dma_Ip_Hw_Access.c:277:6:HwAccDmaCh_SetGlobalDummyFunction	16	static
Dma_Ip_Hw_Access.c:289:6:HwAccDmaCh_SetTransferDummyFunction	16	static
Dma_Ip_Hw_Access.c:305:6:HwAccDmaCh_GetParamDummyFunction	16	static
Dma_Ip_Hw_Access.c:319:6:HwAccDmaInst_SetConfig	24	static
Dma_Ip_Hw_Access.c:343:6:hwAccDmaInst_CmdCancelTransfer	24	static
Dma_Ip_Hw_Access.c:363:6:hwAccDmaInst_CmdCancelTransferWithError	24	static
Dma_Ip_Hw_Access.c:383:6:hwAccDmaInst_CmdHalt	24	static
Dma_Ip_Hw_Access.c:403:6:hwAccDmaInst_CmdResume	24	static
Dma_Ip_Hw_Access.c:426:6:HwAccDmaInst_SetCommand	16	static
Dma_Ip_Hw_Access.c:441:6:HwAccDmaInst_GetStatus	24	static
Dma_Ip_Hw_Access.c:467:6:HwAccDmaCh_CmdSetHwRequest	24	static
Dma_Ip_Hw_Access.c:484:6:HwAccDmaCh_CmdClearHwRequest	24	static
Dma_Ip_Hw_Access.c:501:6:HwAccDmaCh_CmdSetSwRequest	24	static
Dma_Ip_Hw_Access.c:518:6:HwAccDmaCh_CmdClearDone	24	static
Dma_Ip_Hw_Access.c:535:6:HwAccDmaCh_CmdClearError	24	static
Dma_Ip_Hw_Access.c:555:6:HwAccDmaCh_SetCommand	24	static
Dma_Ip_Hw_Access.c:571:6:HwAccDmaCh_GetStatus	24	static
Dma_Ip_Hw_Access.c:589:6:HwAccDmaCh_GetStatus_Error	24	static
Dma_Ip_Hw_Access.c:656:6:HwAccDmaCh_SetRequest_EnMuxSource	40	static
Dma_Ip_Hw_Access.c:680:6:HwAccDmaCh_SetRequest_MuxSource	40	static
Dma_Ip_Hw_Access.c:704:6:HwAccDmaCh_SetRequest_EnMuxTrigger	40	static
Dma_Ip_Hw_Access.c:729:6:HwAccDmaCh_SetRequest_EnRequest	24	static
Dma_Ip_Hw_Access.c:746:6:HwAccDmaCh_SetInterrupt_EnError	24	static
Dma_Ip_Hw_Access.c:784:6:HwAccDmaCh_SetPriority_Level	24	static
Dma_Ip_Hw_Access.c:802:6:HwAccDmaCh_SetPriority_EnPreemption	24	static
Dma_Ip_Hw_Access.c:821:6:HwAccDmaCh_SetPriority_DisPreempt	24	static
Dma_Ip_Hw_Access.c:842:6:HwAccDmaCh_SetGlobalParam	24	static
Dma_Ip_Hw_Access.c:890:6:HwAccDmaCh_SetSource_Address	24	static
Dma_Ip_Hw_Access.c:911:6:HwAccDmaCh_SetSource_SignedOffset	24	static
Dma_Ip_Hw_Access.c:928:6:HwAccDmaCh_SetSource_LastAddrAdj	24	static
Dma_Ip_Hw_Access.c:945:6:HwAccDmaCh_SetSource_TransferSize	24	static
Dma_Ip_Hw_Access.c:962:6:HwAccDmaCh_SetSource_Modulo	24	static
Dma_Ip_Hw_Access.c:979:6:HwAccDmaCh_SetDestination_Address	24	static
Dma_Ip_Hw_Access.c:1000:6:HwAccDmaCh_SetDestination_SignedOffset	24	static
Dma_Ip_Hw_Access.c:1017:6:HwAccDmaCh_SetDestination_LastAddrAdj	24	static
Dma_Ip_Hw_Access.c:1034:6:HwAccDmaCh_SetDestination_TransferSize	24	static
Dma_Ip_Hw_Access.c:1051:6:HwAccDmaCh_SetDestination_Modulo	24	static
Dma_Ip_Hw_Access.c:1068:6:HwAccDmaCh_SetMinorLoop_enSrcOffset	24	static
Dma_Ip_Hw_Access.c:1085:6:HwAccDmaCh_SetMinorLoop_enDstOffset	24	static
Dma_Ip_Hw_Access.c:1102:6:HwAccDmaCh_SetMinorLoop_Offset	24	static
Dma_Ip_Hw_Access.c:1119:6:HwAccDmaCh_SetMinorLoop_EnLink	24	static
Dma_Ip_Hw_Access.c:1136:6:HwAccDmaCh_SetMinorLoop_LogicLinkCh	32	static
Dma_Ip_Hw_Access.c:1155:6:HwAccDmaCh_SetMinorLoop_Size	24	static
Dma_Ip_Hw_Access.c:1172:6:HwAccDmaCh_SetMajorLoop_EnLink	24	static
Dma_Ip_Hw_Access.c:1189:6:HwAccDmaCh_SetMajorLoop_LogicLinkCh	32	static
Dma_Ip_Hw_Access.c:1208:6:HwAccDmaCh_SetMajorLoop_Count	24	static
Dma_Ip_Hw_Access.c:1244:6:HwAccDmaCh_SetControl_EnStart	24	static
Dma_Ip_Hw_Access.c:1261:6:HwAccDmaCh_SetControl_EnMajor	24	static
Dma_Ip_Hw_Access.c:1278:6:HwAccDmaCh_SetControl_EnHalfMajor	24	static
Dma_Ip_Hw_Access.c:1295:6:HwAccDmaCh_SetControl_DisAutoHwRequest	24	static
Dma_Ip_Hw_Access.c:1331:6:HwAccDmaCh_SetControl_BandwidthControl	24	static
Dma_Ip_Hw_Access.c:1351:6:HwAccDmaCh_SetTransferParam	24	static
Dma_Ip_Hw_Access.c:1397:6:HwAccDmaCh_GetSourceAddress	32	static
Dma_Ip_Hw_Access.c:1421:6:HwAccDmaCh_GetDestinationAddress	32	static
Dma_Ip_Hw_Access.c:1445:6:HwAccDmaCh_GetBeginIterCount	24	static
Dma_Ip_Hw_Access.c:1462:6:HwAccDmaCh_GetCurrentIterCount	24	static
Dma_Ip_Hw_Access.c:1519:6:HwAccDmaCh_GetIntMajor	24	static
Dma_Ip_Hw_Access.c:1536:6:HwAccDmaCh_GetIntHalfMajor	24	static
Dma_Ip_Hw_Access.c:1557:6:HwAccDmaCh_GetParam	24	static
Dma_Ip_Hw_Access.c:1585:6:HwAccDmaCh_LoadConfigIntoSoftwareTcd	32	static
Dma_Ip_Hw_Access.c:1647:6:HwAccDmaCh_LoadSoftwareTcdIntoHardwareTcd	32	static
Dma_Ip_Hw_Access.c:1683:6:HwAccDmaCh_SetControl_ScatterGatherAddress	24	static
Dma_Ip_Hw_Access.c:1700:6:HwAccDmaCh_SetControl_EnScatterGatherProcessing	24	static
