Dma_Ip_Irq.c:174:13:IntIrqDispatcher	32	static
Dma_Ip_Irq.c:189:1:Dma0_Ch0_IRQHandler	8	static
Dma_Ip_Irq.c:195:1:Dma0_Ch1_IRQHandler	8	static
Dma_Ip_Irq.c:201:1:Dma0_Ch2_IRQHandler	8	static
Dma_Ip_Irq.c:207:1:Dma0_Ch3_IRQHandler	8	static
Dma_Ip_Irq.c:214:1:Dma0_Ch4_IRQHandler	8	static
Dma_Ip_Irq.c:220:1:Dma0_Ch5_IRQHandler	8	static
Dma_Ip_Irq.c:226:1:Dma0_Ch6_IRQHandler	8	static
Dma_Ip_Irq.c:232:1:Dma0_Ch7_IRQHandler	8	static
Dma_Ip_Irq.c:238:1:Dma0_Ch8_IRQHandler	8	static
Dma_Ip_Irq.c:244:1:Dma0_Ch9_IRQHandler	8	static
Dma_Ip_Irq.c:250:1:Dma0_Ch10_IRQHandler	8	static
Dma_Ip_Irq.c:256:1:Dma0_Ch11_IRQHandler	8	static
Dma_Ip_Irq.c:262:1:Dma0_Ch12_IRQHandler	8	static
Dma_Ip_Irq.c:268:1:Dma0_Ch13_IRQHandler	8	static
Dma_Ip_Irq.c:274:1:Dma0_Ch14_IRQHandler	8	static
Dma_Ip_Irq.c:280:1:Dma0_Ch15_IRQHandler	8	static
Dma_Ip_Irq.c:298:13:Dma_Ch0_Ch15_ErrorIrqDispatcher	32	static
Dma_Ip_Irq.c:339:1:Dma0_Error_IrqHandler	8	static
