Fls.c:440:28:Fls_GetSectorIndexByAddr	16	static
Fls.c:475:24:Fls_GetSectorStartAddr	16	static
Fls.c:505:16:Fls_IsAddrPageAligned	24	static
Fls.c:538:16:Fls_IsAddrPageStartAligned	24	static
Fls.c:573:16:Fls_IsAddrPageEndAligned	24	static
Fls.c:612:16:Fls_IsAddrSectorStartAligned	32	static
Fls.c:653:16:Fls_IsAddrSectorEndAligned	32	static
Fls.c:679:23:Fls_CheckInputParamReadCompareJob	32	static
Fls.c:820:13:Fls_LoadAc	24	static
Fls.c:864:13:Fls_UnloadAc	24	static
Fls.c:891:20:Fls_CheckLoadAc	32	static
Fls.c:934:20:Fls_CheckUnLoadAc	8	static
Fls.c:972:28:Fls_DoJobErase	32	static
Fls.c:1072:24:Fls_CalcMaxTransferAddrEnd	16	static
Fls.c:1106:24:Fls_CalcSectorTransferOffset	16	static
Fls.c:1138:24:Fls_CalcSectorTransferLength	24	static
Fls.c:1198:26:Fls_DoJobWrite	24	static
Fls.c:1248:26:Fls_ProcessJobDataTransfer	24	static
Fls.c:1330:28:Fls_DoJobDataTransfer	40	static
Fls.c:1420:13:Fls_AccumulateCRC	16	static
Fls.c:1462:13:Fls_ResetCRC	0	static
Fls.c:1482:15:Fls_FinalizeCRC	8	static
Fls.c:1506:13:Fls_UpdateCRCreminder	24	static
Fls.c:1559:21:Fls_CalcCfgCRC	16	static
Fls.c:1907:28:Fls_ProcessRequestedJobs	16	static
Fls.c:1950:6:Fls_Init	16	static
Fls.c:2045:16:Fls_Erase	32	static
Fls.c:2132:16:Fls_Write	40	static
Fls.c:2290:18:Fls_GetStatus	8	static
Fls.c:2334:21:Fls_GetJobResult	16	static
Fls.c:2377:16:Fls_Read	40	static
Fls.c:2453:16:Fls_Compare	40	static
Fls.c:2696:20:Fls_MainFunction_CheckJobResult	16	static
Fls.c:2742:6:Fls_MainFunction	16	static
Fls.c:2786:28:Fls_LLDGetJobResult	0	static
Fls.c:2795:13:Fls_LLDClrJobResult	0	static
