Devassert.h:85:20:DevAssert	8	static
Ftfc_Fls_Ip.c:313:13:Ftfc_Fls_Ip_CalculateDFlashBitSize	16	static
Ftfc_Fls_Ip.c:405:31:Ftfc_Fls_Ip_CheckFProtReg	24	static
Ftfc_Fls_Ip.c:502:24:Ftfc_Fls_Ip_Init	16	static
Ftfc_Fls_Ip.c:519:24:Ftfc_Fls_Ip_Abort	16	static
Ftfc_Fls_Ip.c:537:31:Ftfc_Fls_Ip_WaitForOperationFinish	24	static
Ftfc_Fls_Ip.c:585:13:Ftfc_Fls_SynchronizeCache	112	static
Ftfc_Fls_Ip.c:613:15:Ftfc_Fls_ComputeReadSize	24	static
Ftfc_Fls_Ip.c:667:22:Ftfc_Fls_Ip_ReadData32	8	static
Ftfc_Fls_Ip.c:678:22:Ftfc_Fls_Ip_ReadData16	8	static
Ftfc_Fls_Ip.c:689:21:Ftfc_Fls_Ip_ReadData8	8	static
Ftfc_Fls_Ip.c:700:13:Ftfc_Fls_Ip_ReadData	24	static
Ftfc_Fls_Ip.c:732:16:Ftfc_Fls_Ip_CheckValidRange	16	static
Ftfc_Fls_Ip.c:758:31:Ftfc_Fls_Ip_ReadPreCheck	32	static
Ftfc_Fls_Ip.c:792:24:Ftfc_Fls_Ip_Read	48	static
Ftfc_Fls_Ip.c:883:31:Ftfc_Fls_Ip_ReadStatus	16	static
Ftfc_Fls_Ip.c:929:31:Ftfc_Fls_Ip_ComparePreCheck	24	static
Ftfc_Fls_Ip.c:959:24:Ftfc_Fls_Ip_Compare	32	static
Ftfc_Fls_Ip.c:1004:13:Ftfc_Fls_Ip_ProgramVerify	48	static
Ftfc_Fls_Ip.c:1091:13:Ftfc_Fls_Ip_EraseVerify	40	static
Ftfc_Fls_Ip.c:1178:31:Ftfc_Fls_Ip_SectorErasePreCheck	24	static
Ftfc_Fls_Ip.c:1212:24:Ftfc_Fls_Ip_SectorErase	24	static
Ftfc_Fls_Ip.c:1286:24:Ftfc_Fls_Ip_SectorEraseStatus	16	static
Ftfc_Fls_Ip.c:1343:31:Ftfc_Fls_Ip_WritePreCheck	32	static
Ftfc_Fls_Ip.c:1379:24:Ftfc_Fls_Ip_Write	32	static
Ftfc_Fls_Ip.c:1466:24:Ftfc_Fls_Ip_WriteStatus	16	static
Ftfc_Fls_Ip.c:1511:31:Ftfc_Fls_Flash_AbortSuspended	16	static
Ftfc_Fls_Ip.c:1554:31:Ftfc_Fls_Ip_CtrlStatus	16	static
Ftfc_Fls_Ip.c:1604:31:Ftfc_Fls_Ip_ControllerBusy	8	static
Ftfc_Fls_Ip.c:1628:13:Ftfc_Fls_Ip_ClearErrorFlags	0	static
Ftfc_Fls_Ip.c:1635:13:Ftfc_Fls_Ip_LoadFCCOBParams	32	static
Ftfc_Fls_Ip.c:1678:15:Ftfc_Fls_Ip_ConvertSysToFTFEAddr	16	static
Ftfc_Fls_Ip.c:1707:35:Ftfc_Fls_Ip_GetBlockNumberFromAddress	16	static
Ftfc_Fls_Ip.c:1807:13:Ftfc_Fls_Ip_InvalidPrefetchBuff	8	static
Ftfc_Fls_Ip.c:1830:6:Ftfc_Fls_Ip_SetAsyncMode	8	static
Ftfc_Fls_Ip.c:1842:13:Ftfc_Fls_Ip_FlashAccessCalloutStart	8	static
Ftfc_Fls_Ip.c:1857:13:Ftfc_Fls_Ip_FlashAccessCalloutFinish	8	static
Ftfc_Fls_Ip.c:1882:6:Ftfc_Fls_Ip_InvalidPrefetchBuff_Ram	8	static
