Ftm_Icu_Ip.c:223:13:Ftm_Icu_Ip_SetChnInputCaptureFilter	8	static
Ftm_Icu_Ip.c:261:20:Ftm_Icu_Ip_ClearInterruptFlags	16	static
Ftm_Icu_Ip.c:281:20:Ftm_Icu_Ip_StopChannel	16	static
Ftm_Icu_Ip.c:296:13:Ftm_Icu_Ip_GlobalConfiguration	16	static
Ftm_Icu_Ip.c:326:13:Ftm_Icu_Ip_SetClock	16	static
Ftm_Icu_Ip.c:412:23:Ftm_Icu_Ip_Init	40	static
Ftm_Icu_Ip.c:555:6:Ftm_Icu_Ip_SetActivationCondition	16	static
Ftm_Icu_Ip.c:720:6:Ftm_Icu_Ip_EnableEdgeDetection	16	static
Ftm_Icu_Ip.c:742:6:Ftm_Icu_Ip_DisableEdgeDetection	16	static
Ftm_Icu_Ip.c:759:6:Ftm_Icu_Ip_EnableInterrupt	8	static
Ftm_Icu_Ip.c:773:6:Ftm_Icu_Ip_DisableInterrupt	8	static
Ftm_Icu_Ip.c:892:6:Ftm_Icu_Ip_ResetEdgeCount	8	static
Ftm_Icu_Ip.c:906:23:Ftm_Icu_Ip_EnableEdgeCount	16	static
Ftm_Icu_Ip.c:940:6:Ftm_Icu_Ip_DisableEdgeCount	16	static
Ftm_Icu_Ip.c:966:8:Ftm_Icu_Ip_GetEdgeNumbers	8	static
Ftm_Icu_Ip.c:1253:6:Ftm_Icu_Ip_EnableNotification	8	static
Ftm_Icu_Ip.c:1266:6:Ftm_Icu_Ip_DisableNotification	8	static
