Icu.c:429:20:Icu_SetBitChState	16	static
Icu.c:451:36:Icu_GetBitChState	8	static
Icu.c:465:20:Icu_ClearBitChState	16	static
Icu.c:1139:20:Icu_CallNotification	24	static
Icu.c:1161:31:Icu_ConvertChannelIndexToChannel	16	static
Icu.c:1197:6:Icu_Init	32	static
Icu.c:1563:6:Icu_SetActivationCondition	24	static
Icu.c:1608:6:Icu_DisableNotification	24	static
Icu.c:1650:6:Icu_EnableNotification	24	static
Icu.c:1977:6:Icu_ResetEdgeCount	32	static
Icu.c:2027:6:Icu_EnableEdgeCount	32	static
Icu.c:2077:6:Icu_DisableEdgeCount	32	static
Icu.c:2119:20:Icu_GetEdgeNumbers	32	static
Icu.c:2172:6:Icu_EnableEdgeDetection	32	static
Icu.c:2221:6:Icu_DisableEdgeDetection	32	static
Icu.c:2594:6:Icu_ReportWakeupAndOverflow	16	static
Icu.c:2633:6:Icu_ReportEvents	24	static
Icu.c:2883:6:Icu_LogicChStateCallback	16	static
