LPit_Gpt_Ip.c:206:20:Lpit_Gpt_Ip_EnableMdlClk	16	static
LPit_Gpt_Ip.c:232:20:Lpit_Gpt_Ip_TimerEnable	16	static
LPit_Gpt_Ip.c:279:20:Lpit_Gpt_Ip_SetMode	16	static
LPit_Gpt_Ip.c:298:20:Lpit_Gpt_Ip_SetCmpValue	8	static
LPit_Gpt_Ip.c:320:20:Lpit_Gpt_Ip_SetDebugMode	16	static
LPit_Gpt_Ip.c:349:20:Lpit_Gpt_Ip_SetDozeMode	16	static
LPit_Gpt_Ip.c:376:20:Lpit_Gpt_Ip_InterruptTimerChannels	16	static
LPit_Gpt_Ip.c:401:20:Lpit_Gpt_Ip_ClearInterruptFlagTimerChannels	8	static
LPit_Gpt_Ip.c:451:8:Lpit_Gpt_Ip_GetInterruptFlagTimerChannels	16	static
LPit_Gpt_Ip.c:470:8:Lpit_Gpt_Ip_GetTimerInterruptEnable	16	static
LPit_Gpt_Ip.c:490:8:Lpit_Gpt_Ip_GetCurrentTimervalue	8	static
LPit_Gpt_Ip.c:505:8:Lpit_Gpt_Ip_GetTimerValue	8	static
LPit_Gpt_Ip.c:528:6:Lpit_Gpt_Ip_Init	16	static
LPit_Gpt_Ip.c:561:6:Lpit_Gpt_Ip_InitChannel	16	static
LPit_Gpt_Ip.c:612:6:Lpit_Gpt_Ip_Deinit	24	static
LPit_Gpt_Ip.c:660:6:Lpit_Gpt_Ip_StartTimer	16	static
LPit_Gpt_Ip.c:692:6:Lpit_Gpt_Ip_StopTimer	16	static
LPit_Gpt_Ip.c:717:6:Lpit_Gpt_Ip_EnableChInterrupt	16	static
LPit_Gpt_Ip.c:741:6:Lpit_Gpt_Ip_DisableChInterrupt	16	static
LPit_Gpt_Ip.c:828:13:Lpit_Gpt_Ip_ProcessCommonInterrupt	24	static
LPit_Gpt_Ip.c:890:1:LPIT_0_CH_0_ISR	8	static
LPit_Gpt_Ip.c:906:1:LPIT_0_CH_1_ISR	8	static
LPit_Gpt_Ip.c:922:1:LPIT_0_CH_2_ISR	8	static
