Lpspi_Ip.c:400:13:Lpspi_Ip_ChannelFinished	24	static
Lpspi_Ip.c:680:13:Lpspi_Ip_TransferProcess	80	static
Lpspi_Ip.c:1052:13:Lpspi_Ip_TxDmaConfig	112	static
Lpspi_Ip.c:1151:13:Lpspi_Ip_RxDmaConfig	112	static
Lpspi_Ip.c:1227:13:Lpspi_Ip_TxDmaContinueTransfer	40	static
Lpspi_Ip.c:1265:13:Lpspi_Ip_RxDmaContinueTransfer	40	static
Lpspi_Ip.c:1302:13:Lpspi_Ip_TxDmaFinishTransfer	32	static
Lpspi_Ip.c:1387:6:Lpspi_Ip_IrqTxDmaHandler	32	static
Lpspi_Ip.c:1490:6:Lpspi_Ip_IrqRxDmaHandler	32	static
Lpspi_Ip.c:1590:21:Lpspi_Ip_Init	32	static
Lpspi_Ip.c:1632:21:Lpspi_Ip_DeInit	24	static
Lpspi_Ip.c:1662:21:Lpspi_Ip_SyncTransmit	112	static
Lpspi_Ip.c:1995:13:Lpspi_TransmitTxInit	24	static
Lpspi_Ip.c:2100:13:Lpspi_TransmitRxInit	16	static
Lpspi_Ip.c:2137:21:Lpspi_Ip_AsyncTransmit	56	static
Lpspi_Ip.c:2723:6:Lpspi_Ip_ManageBuffers	40	static
Lpspi_Ip.c:2792:21:Lpspi_Ip_UpdateFrameSize	16	static
Lpspi_Ip.c:2818:21:Lpspi_Ip_UpdateLsb	16	static
Lpspi_Ip.c:2842:21:Lpspi_Ip_UpdateDefaultTransmitData	16	static
Lpspi_Ip.c:2866:21:Lpspi_Ip_UpdateTransferMode	16	static
Lpspi_Ip.c:2890:6:Lpspi_Ip_Cancel	32	static
Lpspi_Ip.c:2939:6:Lpspi_Ip_IrqHandler	32	static
Lpspi_Ip.c:2988:23:Lpspi_Ip_GetStatus	16	static
