Lpspi_Ip_Irq.c:167:1:Lpspi_Ip_LPSPI_0_IRQHandler	8	static
Lpspi_Ip_Irq.c:174:6:Lpspi_Ip_LPSPI_0_IrqTxDmaHandler	8	static
Lpspi_Ip_Irq.c:179:6:Lpspi_Ip_LPSPI_0_IrqRxDmaHandler	8	static
Lpspi_Ip_Irq.c:189:1:Lpspi_Ip_LPSPI_1_IRQHandler	8	static
Lpspi_Ip_Irq.c:196:6:Lpspi_Ip_LPSPI_1_IrqTxDmaHandler	8	static
Lpspi_Ip_Irq.c:201:6:Lpspi_Ip_LPSPI_1_IrqRxDmaHandler	8	static
Lpspi_Ip_Irq.c:211:1:Lpspi_Ip_LPSPI_2_IRQHandler	8	static
Lpspi_Ip_Irq.c:218:6:Lpspi_Ip_LPSPI_2_IrqTxDmaHandler	8	static
Lpspi_Ip_Irq.c:223:6:Lpspi_Ip_LPSPI_2_IrqRxDmaHandler	8	static
