Lptmr_Icu_Ip.c:186:20:Lptmr_Icu_Ip_TimerEnable	8	static
Lptmr_Icu_Ip.c:205:20:Lptmr_Icu_Ip_ClearCompareFlag	8	static
Lptmr_Icu_Ip.c:220:20:Lptmr_Icu_Ip_TimerModeSelect	8	static
Lptmr_Icu_Ip.c:252:20:Lptmr_Icu_Ip_SetPrescaler	8	static
Lptmr_Icu_Ip.c:277:20:Lptmr_Icu_Ip_PinSelect	8	static
Lptmr_Icu_Ip.c:295:20:Lptmr_Icu_Ip_SetClockSelect	8	static
Lptmr_Icu_Ip.c:311:20:Lptmr_Icu_Ip_SetMeasurementMode	16	static
Lptmr_Icu_Ip.c:396:25:Lptmr_Icu_Ip_Init	24	static
Lptmr_Icu_Ip.c:519:6:Lptmr_Icu_Ip_SetActivationCondition	8	static
Lptmr_Icu_Ip.c:526:6:Lptmr_Icu_Ip_EnableEdgeDetection	16	static
Lptmr_Icu_Ip.c:532:6:Lptmr_Icu_Ip_DisableDetection	16	static
Lptmr_Icu_Ip.c:541:6:Lptmr_Icu_Ip_ResetEdgeCount	16	static
Lptmr_Icu_Ip.c:550:6:Lptmr_Icu_Ip_EnableEdgeCount	16	static
Lptmr_Icu_Ip.c:559:25:Lptmr_Icu_Ip_DisableEdgeCount	16	static
Lptmr_Icu_Ip.c:566:8:Lptmr_Icu_Ip_GetEdgeNumbers	8	static
Lptmr_Icu_Ip.c:597:6:Lptmr_Icu_Ip_EnableInterrupt	8	static
Lptmr_Icu_Ip.c:611:6:Lptmr_Icu_Ip_DisableInterrupt	8	static
Lptmr_Icu_Ip.c:620:6:Lptmr_Icu_Ip_EnableNotification	8	static
Lptmr_Icu_Ip.c:629:6:Lptmr_Icu_Ip_DisableNotification	8	static
