Mcu.c:338:23:Mcu_CheckInit	24	static
Mcu.c:417:23:Mcu_CheckInitClock	24	static
Mcu.c:439:23:Mcu_CheckSetMode	24	static
Mcu.c:462:23:Mcu_CheckDistributePllClock	16	static
Mcu.c:488:23:Mcu_CheckPerformReset	8	static
Mcu.c:545:23:Mcu_HLDChecksEntry	24	static
Mcu.c:582:13:Mcu_HLDChecksExit	8	static
Mcu.c:620:6:Mcu_Init	24	static
Mcu.c:724:16:Mcu_InitRamSection	24	static
Mcu.c:779:16:Mcu_InitClock	24	static
Mcu.c:831:6:Mcu_SetMode	16	static
Mcu.c:880:16:Mcu_DistributePllClock	16	static
Mcu.c:936:19:Mcu_GetPllStatus	16	static
Mcu.c:976:15:Mcu_GetResetReason	16	static
Mcu.c:1013:18:Mcu_GetResetRawValue	16	static
Mcu.c:1049:6:Mcu_PerformReset	8	static
Mcu.c:1197:8:Mcu_GetClockFrequency	24	static
Mcu.c:1234:6:Mcu_SleepOnExit	16	static
