Port_Ci_Icu_Ip.c:170:6:Port_Ci_Icu_Ip_EnableInterrupt	16	static
Port_Ci_Icu_Ip.c:196:6:Port_Ci_Icu_Ip_DisableInterrupt	16	static
Port_Ci_Icu_Ip.c:220:27:Port_Ci_Icu_Ip_Init	24	static
Port_Ci_Icu_Ip.c:343:6:Port_Ci_Icu_Ip_SetActivationCondition	8	static
Port_Ci_Icu_Ip.c:399:6:Port_Ci_Icu_Ip_EnableEdgeDetection	16	static
Port_Ci_Icu_Ip.c:415:6:Port_Ci_Icu_Ip_DisableDetection	16	static
Port_Ci_Icu_Ip.c:457:6:Port_Ci_Icu_Ip_EnableNotification	8	static
Port_Ci_Icu_Ip.c:466:6:Port_Ci_Icu_Ip_DisableNotification	8	static
