Pwm_Ipw.c:206:6:Pwm_Ipw_Init	16	static
Pwm_Ipw.c:250:6:Pwm_Ipw_InitInstance	16	static
Pwm_Ipw.c:285:6:Pwm_Ipw_DeInit	8	static
Pwm_Ipw.c:327:6:Pwm_Ipw_DeInitInstance	16	static
Pwm_Ipw.c:364:16:Pwm_Ipw_SetDutyCycle	24	static
Pwm_Ipw.c:433:6:Pwm_Ipw_SetPeriodAndDuty	32	static
Pwm_Ipw.c:790:8:Pwm_Ipw_GetChannelState	16	static
Pwm_Ipw.c:1131:6:Pwm_Ipw_MaskOutputs	16	static
Pwm_Ipw.c:1169:6:Pwm_Ipw_UnMaskOutputs	16	static
Pwm_Ipw.c:1206:6:Pwm_Ipw_SetPhaseShift	32	static
Pwm_Ipw.c:1252:6:Pwm_Ipw_SetDutyPhaseShift	40	static
Pwm_Ipw.c:1446:6:Pwm_Ipw_SyncUpdate	16	static
Pwm_Ipw.c:1633:16:Pwm_Ipw_ValidateSetPhaseShift	16	static
Pwm_Ipw.c:1688:16:Pwm_Ipw_ValidateSetPhaseShiftParams	16	static
Pwm_Ipw.c:1718:16:Pwm_Ipw_ValidateSetDutyPhaseShiftParams	16	static
Pwm_Ipw.c:1751:16:Pwm_Ipw_ValidateUpdateSynchronous	16	static
Pwm_Ipw.c:1885:17:Pwm_Ipw_ValidateModuleId	16	static
Pwm_Ipw.c:1921:8:Pwm_Ipw_GetMaxPeriodValue	16	static
