SchM_Icu.c:379:8:Icu_schm_read_msr	4	static
SchM_Icu.c:463:6:SchM_Enter_Icu_ICU_EXCLUSIVE_AREA_00	16	static
SchM_Icu.c:485:6:SchM_Exit_Icu_ICU_EXCLUSIVE_AREA_00	16	static
SchM_Icu.c:499:6:SchM_Enter_Icu_ICU_EXCLUSIVE_AREA_01	16	static
SchM_Icu.c:521:6:SchM_Exit_Icu_ICU_EXCLUSIVE_AREA_01	16	static
SchM_Icu.c:535:6:SchM_Enter_Icu_ICU_EXCLUSIVE_AREA_02	16	static
SchM_Icu.c:557:6:SchM_Exit_Icu_ICU_EXCLUSIVE_AREA_02	16	static
SchM_Icu.c:571:6:SchM_Enter_Icu_ICU_EXCLUSIVE_AREA_03	16	static
SchM_Icu.c:593:6:SchM_Exit_Icu_ICU_EXCLUSIVE_AREA_03	16	static
SchM_Icu.c:607:6:SchM_Enter_Icu_ICU_EXCLUSIVE_AREA_04	16	static
SchM_Icu.c:629:6:SchM_Exit_Icu_ICU_EXCLUSIVE_AREA_04	16	static
SchM_Icu.c:643:6:SchM_Enter_Icu_ICU_EXCLUSIVE_AREA_05	16	static
SchM_Icu.c:665:6:SchM_Exit_Icu_ICU_EXCLUSIVE_AREA_05	16	static
SchM_Icu.c:679:6:SchM_Enter_Icu_ICU_EXCLUSIVE_AREA_06	16	static
SchM_Icu.c:701:6:SchM_Exit_Icu_ICU_EXCLUSIVE_AREA_06	16	static
SchM_Icu.c:715:6:SchM_Enter_Icu_ICU_EXCLUSIVE_AREA_07	16	static
SchM_Icu.c:737:6:SchM_Exit_Icu_ICU_EXCLUSIVE_AREA_07	16	static
SchM_Icu.c:751:6:SchM_Enter_Icu_ICU_EXCLUSIVE_AREA_08	16	static
SchM_Icu.c:773:6:SchM_Exit_Icu_ICU_EXCLUSIVE_AREA_08	16	static
SchM_Icu.c:787:6:SchM_Enter_Icu_ICU_EXCLUSIVE_AREA_09	16	static
SchM_Icu.c:809:6:SchM_Exit_Icu_ICU_EXCLUSIVE_AREA_09	16	static
SchM_Icu.c:823:6:SchM_Enter_Icu_ICU_EXCLUSIVE_AREA_11	16	static
SchM_Icu.c:845:6:SchM_Exit_Icu_ICU_EXCLUSIVE_AREA_11	16	static
SchM_Icu.c:859:6:SchM_Enter_Icu_ICU_EXCLUSIVE_AREA_15	16	static
SchM_Icu.c:881:6:SchM_Exit_Icu_ICU_EXCLUSIVE_AREA_15	16	static
SchM_Icu.c:895:6:SchM_Enter_Icu_ICU_EXCLUSIVE_AREA_16	16	static
SchM_Icu.c:917:6:SchM_Exit_Icu_ICU_EXCLUSIVE_AREA_16	16	static
SchM_Icu.c:931:6:SchM_Enter_Icu_ICU_EXCLUSIVE_AREA_17	16	static
SchM_Icu.c:953:6:SchM_Exit_Icu_ICU_EXCLUSIVE_AREA_17	16	static
SchM_Icu.c:967:6:SchM_Enter_Icu_ICU_EXCLUSIVE_AREA_18	16	static
SchM_Icu.c:989:6:SchM_Exit_Icu_ICU_EXCLUSIVE_AREA_18	16	static
SchM_Icu.c:1003:6:SchM_Enter_Icu_ICU_EXCLUSIVE_AREA_19	16	static
SchM_Icu.c:1025:6:SchM_Exit_Icu_ICU_EXCLUSIVE_AREA_19	16	static
SchM_Icu.c:1039:6:SchM_Enter_Icu_ICU_EXCLUSIVE_AREA_20	16	static
SchM_Icu.c:1061:6:SchM_Exit_Icu_ICU_EXCLUSIVE_AREA_20	16	static
SchM_Icu.c:1075:6:SchM_Enter_Icu_ICU_EXCLUSIVE_AREA_21	16	static
SchM_Icu.c:1097:6:SchM_Exit_Icu_ICU_EXCLUSIVE_AREA_21	16	static
SchM_Icu.c:1111:6:SchM_Enter_Icu_ICU_EXCLUSIVE_AREA_22	16	static
SchM_Icu.c:1133:6:SchM_Exit_Icu_ICU_EXCLUSIVE_AREA_22	16	static
SchM_Icu.c:1147:6:SchM_Enter_Icu_ICU_EXCLUSIVE_AREA_23	16	static
SchM_Icu.c:1169:6:SchM_Exit_Icu_ICU_EXCLUSIVE_AREA_23	16	static
SchM_Icu.c:1183:6:SchM_Enter_Icu_ICU_EXCLUSIVE_AREA_24	16	static
SchM_Icu.c:1205:6:SchM_Exit_Icu_ICU_EXCLUSIVE_AREA_24	16	static
SchM_Icu.c:1219:6:SchM_Enter_Icu_ICU_EXCLUSIVE_AREA_25	16	static
SchM_Icu.c:1241:6:SchM_Exit_Icu_ICU_EXCLUSIVE_AREA_25	16	static
SchM_Icu.c:1255:6:SchM_Enter_Icu_ICU_EXCLUSIVE_AREA_26	16	static
SchM_Icu.c:1277:6:SchM_Exit_Icu_ICU_EXCLUSIVE_AREA_26	16	static
SchM_Icu.c:1291:6:SchM_Enter_Icu_ICU_EXCLUSIVE_AREA_27	16	static
SchM_Icu.c:1313:6:SchM_Exit_Icu_ICU_EXCLUSIVE_AREA_27	16	static
SchM_Icu.c:1327:6:SchM_Enter_Icu_ICU_EXCLUSIVE_AREA_28	16	static
SchM_Icu.c:1349:6:SchM_Exit_Icu_ICU_EXCLUSIVE_AREA_28	16	static
SchM_Icu.c:1363:6:SchM_Enter_Icu_ICU_EXCLUSIVE_AREA_29	16	static
SchM_Icu.c:1385:6:SchM_Exit_Icu_ICU_EXCLUSIVE_AREA_29	16	static
SchM_Icu.c:1399:6:SchM_Enter_Icu_ICU_EXCLUSIVE_AREA_30	16	static
SchM_Icu.c:1421:6:SchM_Exit_Icu_ICU_EXCLUSIVE_AREA_30	16	static
SchM_Icu.c:1435:6:SchM_Enter_Icu_ICU_EXCLUSIVE_AREA_31	16	static
SchM_Icu.c:1457:6:SchM_Exit_Icu_ICU_EXCLUSIVE_AREA_31	16	static
SchM_Icu.c:1471:6:SchM_Enter_Icu_ICU_EXCLUSIVE_AREA_32	16	static
SchM_Icu.c:1493:6:SchM_Exit_Icu_ICU_EXCLUSIVE_AREA_32	16	static
SchM_Icu.c:1507:6:SchM_Enter_Icu_ICU_EXCLUSIVE_AREA_33	16	static
SchM_Icu.c:1529:6:SchM_Exit_Icu_ICU_EXCLUSIVE_AREA_33	16	static
SchM_Icu.c:1543:6:SchM_Enter_Icu_ICU_EXCLUSIVE_AREA_44	16	static
SchM_Icu.c:1565:6:SchM_Exit_Icu_ICU_EXCLUSIVE_AREA_44	16	static
SchM_Icu.c:1579:6:SchM_Enter_Icu_ICU_EXCLUSIVE_AREA_45	16	static
SchM_Icu.c:1601:6:SchM_Exit_Icu_ICU_EXCLUSIVE_AREA_45	16	static
SchM_Icu.c:1615:6:SchM_Enter_Icu_ICU_EXCLUSIVE_AREA_46	16	static
SchM_Icu.c:1637:6:SchM_Exit_Icu_ICU_EXCLUSIVE_AREA_46	16	static
SchM_Icu.c:1651:6:SchM_Enter_Icu_ICU_EXCLUSIVE_AREA_47	16	static
SchM_Icu.c:1673:6:SchM_Exit_Icu_ICU_EXCLUSIVE_AREA_47	16	static
SchM_Icu.c:1687:6:SchM_Enter_Icu_ICU_EXCLUSIVE_AREA_48	16	static
SchM_Icu.c:1709:6:SchM_Exit_Icu_ICU_EXCLUSIVE_AREA_48	16	static
SchM_Icu.c:1723:6:SchM_Enter_Icu_ICU_EXCLUSIVE_AREA_49	16	static
SchM_Icu.c:1745:6:SchM_Exit_Icu_ICU_EXCLUSIVE_AREA_49	16	static
SchM_Icu.c:1759:6:SchM_Enter_Icu_ICU_EXCLUSIVE_AREA_50	16	static
SchM_Icu.c:1781:6:SchM_Exit_Icu_ICU_EXCLUSIVE_AREA_50	16	static
SchM_Icu.c:1795:6:SchM_Enter_Icu_ICU_EXCLUSIVE_AREA_51	16	static
SchM_Icu.c:1817:6:SchM_Exit_Icu_ICU_EXCLUSIVE_AREA_51	16	static
SchM_Icu.c:1831:6:SchM_Enter_Icu_ICU_EXCLUSIVE_AREA_52	16	static
SchM_Icu.c:1853:6:SchM_Exit_Icu_ICU_EXCLUSIVE_AREA_52	16	static
SchM_Icu.c:1867:6:SchM_Enter_Icu_ICU_EXCLUSIVE_AREA_53	16	static
SchM_Icu.c:1889:6:SchM_Exit_Icu_ICU_EXCLUSIVE_AREA_53	16	static
SchM_Icu.c:1903:6:SchM_Enter_Icu_ICU_EXCLUSIVE_AREA_57	16	static
SchM_Icu.c:1925:6:SchM_Exit_Icu_ICU_EXCLUSIVE_AREA_57	16	static
SchM_Icu.c:1939:6:SchM_Enter_Icu_ICU_EXCLUSIVE_AREA_58	16	static
SchM_Icu.c:1961:6:SchM_Exit_Icu_ICU_EXCLUSIVE_AREA_58	16	static
SchM_Icu.c:1975:6:SchM_Enter_Icu_ICU_EXCLUSIVE_AREA_59	16	static
SchM_Icu.c:1997:6:SchM_Exit_Icu_ICU_EXCLUSIVE_AREA_59	16	static
