Spi.c:496:30:Spi_CheckInit	24	static
Spi.c:558:30:Spi_GetAsyncStatus	16	static
Spi.c:622:23:Spi_LockJobs	32	static
Spi.c:670:20:Spi_UnlockRemainingJobs	16	static
Spi.c:702:20:Spi_ScheduleJob	32	static
Spi.c:907:23:Spi_SyncJobsTranfer	40	static
Spi.c:1276:13:Spi_InitChannelsJobsSeqsState	32	static
Spi.c:1392:13:Spi_InitJobsList	16	static
Spi.c:1476:23:Spi_GetStatusAsyncCheckHwBusy	16	static
Spi.c:1530:23:Spi_LockJobsProcess	24	static
Spi.c:1600:6:Spi_GetVersionInfo	8	static
Spi.c:1636:6:Spi_Init	24	static
Spi.c:1722:16:Spi_DeInit	16	static
Spi.c:1799:16:Spi_WriteIB	40	static
Spi.c:1896:16:Spi_AsyncTransmit	56	static
Spi.c:2083:16:Spi_ReadIB	32	static
Spi.c:2177:16:Spi_SetupEB	40	static
Spi.c:2284:16:Spi_GetStatus	24	static
Spi.c:2364:19:Spi_GetJobResult	16	static
Spi.c:2433:19:Spi_GetSequenceResult	16	static
Spi.c:2514:16:Spi_SyncTransmit	48	static
Spi.c:2670:16:Spi_GetHWUnitStatus	16	static
Spi.c:2714:6:Spi_Cancel	8	static
Spi.c:2804:16:Spi_SetAsyncMode	24	static
Spi.c:2884:16:Spi_SetHWUnitAsyncMode	24	static
Spi.c:2941:6:Spi_MainFunction_Handling	16	static
Spi.c:2987:13:Spi_ScheduleNextJob	32	static
Spi.c:3067:6:Spi_JobTransferFinished	56	static
