Devassert.h:85:20:DevAssert	8	static
Wdog_Ip.c:184:23:Wdog_Ip_IsEnabled	8	static
Wdog_Ip.c:194:20:Wdog_Ip_Trigger	8	static
Wdog_Ip.c:219:23:Wdog_Ip_GetIntFlag	8	static
Wdog_Ip.c:231:23:Wdog_Ip_IsIntEnabled	8	static
Wdog_Ip.c:243:20:Wdog_Ip_UnlockCmd	8	static
Wdog_Ip.c:267:27:Wdog_Ip_Unlock	32	static
Wdog_Ip.c:298:20:Wdog_Ip_ClearIntFlag	16	static
Wdog_Ip.c:322:23:Wdog_Ip_IsUpdateEnabled	8	static
Wdog_Ip.c:335:27:Wdog_Ip_IsReconfigurationComplete	32	static
Wdog_Ip.c:364:13:Wdog_Ip_HwDeInit	16	static
Wdog_Ip.c:385:27:Wdog_Ip_HwConfig	16	static
Wdog_Ip.c:448:20:Wdog_Ip_Init	32	static
Wdog_Ip.c:529:20:Wdog_Ip_DeInit	24	static
Wdog_Ip.c:575:6:Wdog_Ip_Service	24	static
Wdog_Ip.c:593:20:Wdog_Ip_SetTimeout	32	static
Wdog_Ip.c:732:20:Wdog_Ip_Config	32	static
Wdog_Ip.c:816:20:Wdog_Ip_StartTimer	24	static
Wdog_Ip.c:860:20:Wdog_Ip_StopTimer	24	static
Wdog_Ip.c:902:6:Wdog_Ip_IrqHandler	24	static
