CNV.c:59:6:CNV_Init	16	static
CNV.c:77:6:CNV_Deinit	16	static
CNV.c:92:6:CNV_ManageInternalErrorResetRequestFrame	16	static
CNV.c:147:6:CNV_GetInternalCurrentMeasuresFrame	16	static
CNV.c:163:6:CNV_GetInternalPowerMeasuresFrame	16	static
CNV.c:177:6:CNV_GetInternalTemperatureMeasuresFrame	72	static
CNV.c:207:6:CNV_GetInternalVoltageMeasuresFrame	16	static
CNV.c:221:6:CNV_GetInternalRegulationInfoFrame	24	static
CNV.c:243:6:CNV_GetInternalControlInfoFrame	24	static
CNV.c:266:6:CNV_GetInternalErrorsFrame	24	static
CNV.c:346:6:CNV_GetInternalWarningsFrame	24	static
CNV.c:391:9:CNV_getPowercoreUnitsIndex	16	static
CNV.c:421:6:CNV_updatePowercoreUnitsComlossCounter	16	static
CNV.c:442:13:cnv_StopPowercoreUnitCommand	0	static
CNV.c:452:17:cnv_CalculateBoostCurrentLimit	8	static
CNV.c:463:13:cnv_StartBoostPowercoreUnitCommand	16	static
CNV.c:500:13:cnv_StartBuckPowercoreUnitCommand	8	static
CNV.c:540:6:cnv_ChangePowercoreUnitsCommand	8	static
CNV.c:569:13:cnv_CheckPowercoreUnitsCommand	0	static
CNV.c:615:13:cnv_UpdateBuckType	16	static
CNV.c:644:6:CNV_Update	8	static
CNV.c:654:6:cnv_resetPowercoreUnit	8	static
CNV.c:695:6:cnv_GetRegulationReq	16	static
