PWB.c:77:6:PWB_Init	8	static
PWB.c:109:6:PWB_Update	8	static
PWB.c:148:6:PWB_Deinit	8	static
PWB.c:159:13:pwb_UpdateRelayResults	0	static
PWB.c:168:13:pwb_UpdateMeasResults	0	static
PWB.c:179:13:pwb_MaintManagement	8	static
PWB.c:206:13:pwb_PbitManagement	16	static
PWB.c:234:13:pwb_CbitManagement	24	static
PWB.c:362:13:pwb_ControlManagement	8	static
PWB.c:475:13:pwb_PilotSwitch1and2	24	static
PWB.c:515:16:pwb_GetStateBattery	8	static
PWB.c:531:13:pwb_prechargeExe	8	static
PWB.c:566:13:pwb_prechargeWaiting	16	static
PWB.c:590:13:pwb_PilotSwitch3	16	static
PWB.c:647:13:pwb_PilotDutyCycleSwitch2And3	0	static
PWB.c:685:13:pwb_CheckCometiUnits	24	static
PWB.c:800:13:pwb_CheckRelayConsitency	8	static
PWB.c:846:13:pwb_CheckVoltageConsistency	0	static
PWB.c:879:17:pwb_CalculateMeasurementAverage	16	static
